<html>
<body>
<pre>
<h1>µVision Build Log</h1>
<h2>Tool Versions:</h2>
IDE-Version: µVision V5.36.0.0
Copyright (C) 2021 ARM Ltd and ARM Germany GmbH. All rights reserved.
License Information: Adithya adithyas Infineon Technologies Flex license: MDK Professional 5.36 (Flex) (mdk_pro) Operation stops: 5 Oct 2024
 
Tool Versions:
Toolchain:       MDK Professional 5.36 (Flex)  Version: 5.36.0.0
Toolchain Path:  C:\Keil_v5\ARM\ARMCLANG\Bin
C Compiler:      ArmClang.exe V6.16
Assembler:       Armasm.exe V6.16
Linker/Locator:  ArmLink.exe V6.16
Library Manager: ArmAr.exe V6.16
Hex Converter:   FromElf.exe V6.16
CPU DLL:         SARMCM3.DLL V5.36.0.0
Dialog DLL:      DCM.DLL V1.17.3.0
Target DLL:      Segger\JL2CM3.dll V2.99.40.0
Dialog DLL:      TCM.DLL V1.53.0.0
 
<h2>Project:</h2>
C:\Users\AdithyaS\MSS_SW\SSC_test_Final\Boards\Infineon\TLE9879_EvalKit\SSC1_SEND_EXAMPLE_TLE987X\TLE9879QXA40_SSC1_SEND.uvprojx
Project File Date:  07/31/2024

<h2>Output:</h2>
*** Using Compiler 'V6.16', folder: 'C:\Keil_v5\ARM\ARMCLANG\Bin'
Build target 'TLE9879_EvalKit'
compiling main.c...
linking...
Program Size: Code=6520 RO-data=168 RW-data=12 ZI-data=540  
".\Objects\SSC1_SEND.axf" - 0 Error(s), 0 Warning(s).

<h2>Software Packages used:</h2>

Package Vendor: ARM
                http://www.keil.com/pack/ARM.CMSIS.5.8.0.pack
                ARM.CMSIS.5.8.0
                CMSIS (Common Microcontroller Software Interface Standard)
   * Component: CORE Version: 5.5.0

Package Vendor: Infineon
                https://itools.infineon.com/cmsis_packs/TLE987x/Infineon.TLE987x_DFP.1.6.0.pack
                Infineon.TLE987x_DFP.1.6.0
                Infineon TLE987x Series Device Support
   * Component: ConfigWizard_v2 Version: 2.1.12
   * Component: BOOTROM Version: 0.3.3
   * Component: INT Version: 0.2.3
   * Component: ISR Version: 0.2.9
   * Component: LIN Version: 0.2.0
   * Component: PMU Version: 0.2.2
   * Component: PORT Version: 0.6.0
   * Component: SCU Version: 0.5.7
   * Component: SSC Version: 0.1.8
   * Component: UART Version: 0.2.4
   * Component: WDT1 Version: 0.3.3
   * Component: Startup Version: 1.2.0

Package Vendor: Keil
                http://www.keil.com/pack/Keil.ARM_Compiler.1.6.3.pack
                Keil.ARM_Compiler.1.6.3
                Keil ARM Compiler extensions for ARM Compiler 5 and ARM Compiler 6
   * Component: STDIN Variant: User Version: 1.2.0
   * Component: STDOUT Variant: User Version: 1.2.0
   * Component: TTY Variant: User Version: 1.2.0

<h2>Collection of Component include folders:</h2>
  .\RTE\Device\TLE9879QXA40
  .\RTE\_TLE9879_EvalKit
  C:\Users\AdithyaS\AppData\Local\Arm\Packs\ARM\CMSIS\5.8.0\CMSIS\Core\Include

<h2>Collection of Component Files used:</h2>

   * Component: ARM::CMSIS:CORE:5.5.0

   * Component: Infineon::Device:ConfigWizard_v2:2.1.12
      Include file:  Device\SDK\cfgwiz\TLE987x_40\v2\scu_defines.h
      Include file:  Device\SDK\cfgwiz\TLE987x_40\v2\pmu_defines.h
      Include file:  Device\SDK\cfgwiz\TLE987x_40\v2\adc1_defines.h
      Include file:  Device\SDK\cfgwiz\TLE987x_40\v2\adc2_defines.h
      Include file:  Device\SDK\cfgwiz\TLE987x_40\v2\ccu6_defines.h
      Include file:  Device\SDK\cfgwiz\TLE987x_40\v2\uart_defines.h
      Include file:  Device\SDK\cfgwiz\TLE987x_40\v2\ssc_defines.h
      Include file:  Device\SDK\cfgwiz\TLE987x_40\v2\isr_defines.h
      Include file:  Device\SDK\cfgwiz\TLE987x_40\v2\lin_defines.h
      Include file:  Device\SDK\cfgwiz\TLE987x_40\v2\timer2x_defines.h
      Include file:  Device\SDK\cfgwiz\TLE987x_40\v2\bsl_defines.h
      Include file:  Device\SDK\cfgwiz\TLE987x_40\v2\dma_defines.h
      Include file:  Device\SDK\cfgwiz\TLE987x_40\v2\bdrv_defines.h
      Include file:  Device\SDK\cfgwiz\TLE987x_40\v2\timer3_defines.h
      Include file:  Device\SDK\cfgwiz\TLE987x_40\v2\int_defines.h
      Include file:  Device\SDK\cfgwiz\TLE987x_40\v2\mon_defines.h
      Include file:  Device\SDK\cfgwiz\TLE987x_40\v2\gpt12e_defines.h
      Include file:  Device\SDK\cfgwiz\TLE987x_40\v2\csa_defines.h
      Include file:  Device\SDK\cfgwiz\TLE987x_40\v2\port_defines.h

   * Component: Infineon::Device:SDK:BOOTROM:0.3.3
      Include file:  Device\SDK\inc\bootrom.h
      Source file:   Device\SDK\src\bootrom.c

   * Component: Infineon::Device:SDK:INT:0.2.3
      Include file:  Device\SDK\inc\int.h
      Source file:   Device\SDK\src\int.c

   * Component: Infineon::Device:SDK:ISR:0.2.9
      Include file:  Device\SDK\inc\isr.h
      Source file:   Device\SDK\src\isr.c

   * Component: Infineon::Device:SDK:LIN:0.2.0
      Include file:  Device\SDK\inc\lin.h
      Source file:   Device\SDK\src\lin.c

   * Component: Infineon::Device:SDK:PMU:0.2.2
      Include file:  Device\SDK\inc\pmu.h
      Source file:   Device\SDK\src\pmu.c

   * Component: Infineon::Device:SDK:PORT:0.6.0
      Include file:  Device\SDK\inc\port.h
      Source file:   Device\SDK\src\port.c

   * Component: Infineon::Device:SDK:SCU:0.5.7
      Include file:  Device\SDK\inc\scu.h
      Source file:   Device\SDK\src\scu.c

   * Component: Infineon::Device:SDK:SSC:0.1.8
      Source file:   Device\SDK\src\ssc.c
      Include file:  Device\SDK\inc\ssc.h

   * Component: Infineon::Device:SDK:UART:0.2.4
      Source file:   Device\SDK\src\uart.c
      Include file:  Device\SDK\inc\uart.h

   * Component: Infineon::Device:SDK:WDT1:0.3.3
      Include file:  Device\SDK\inc\wdt1.h
      Source file:   Device\SDK\src\wdt1.c

   * Component: Infineon::Device:Startup:1.2.0
      Source file:   Device\Source\ARM\startup_tle987x.S
      Include file:  Device\Include\cmsis_misra.h
      Include file:  Device\Include\eval_board.h
      Include file:  Device\Include\system_tle987x.h
      Include file:  Device\Include\tle_variants.h
      Source file:   Device\Source\tle_device.c
      Source file:   Device\SDK\app\main.c
      Include file:  Device\Include\tle_device.h
      Source file:   Device\Source\system_tle987x.c
      Include file:  Device\Include\types.h
      Include file:  Device\Include\tle987x.h
      Source file:   Device\Include\sfr_access.h

   * Component: Keil.ARM Compiler::Compiler:I/O:STDIN:User:1.2.0
      Source file:   Source\retarget_io.c
      Source file:   Template\stdin_user.c
      Source file:   Template\stdin_USART.c
      Source file:   Template\stdin_keyboard.c

   * Component: Keil.ARM Compiler::Compiler:I/O:STDOUT:User:1.2.0
      Source file:   Template\stdout_user.c
      Source file:   Template\stdout_USART.c
      Source file:   Template\stdout_display.c
      Source file:   Source\retarget_io.c

   * Component: Keil.ARM Compiler::Compiler:I/O:TTY:User:1.2.0
      Source file:   Source\retarget_io.c
      Source file:   Template\tty_user.c
Build Time Elapsed:  00:00:07
</pre>
</body>
</html>
