Component: ARM Compiler 6.16 Tool: armlink [5dfeaa00]

==============================================================================

Section Cross References

    main.o(.text.main) refers to tle_device.o(.text.TLE_Init) for TLE_Init
    main.o(.text.main) refers to main.o(.text.configSensor) for configSensor
    main.o(.text.main) refers to wdt1.o(.text.WDT1_Service) for WDT1_Service
    main.o(.text.main) refers to main.o(.text.readSensorAngle) for readSensorAngle
    main.o(.text.main) refers to main.o(.text.calculateAngle) for calculateAngle
    main.o(.text.main) refers to main.o(.text.turnDirectionDetection) for turnDirectionDetection
    main.o(.ARM.exidx.text.main) refers to main.o(.text.main) for [Anonymous Symbol]
    main.o(.text.configSensor) refers to main.o(.text.PORT_P10_Output_Low_Set) for PORT_P10_Output_Low_Set
    main.o(.text.configSensor) refers to main.o(.text.SSC1_SendWord) for SSC1_SendWord
    main.o(.text.configSensor) refers to main.o(.text.PORT_P10_Output_High_Set) for PORT_P10_Output_High_Set
    main.o(.ARM.exidx.text.configSensor) refers to main.o(.text.configSensor) for [Anonymous Symbol]
    main.o(.text.readSensorAngle) refers to main.o(.text.PORT_P10_Output_Low_Set) for PORT_P10_Output_Low_Set
    main.o(.text.readSensorAngle) refers to main.o(.text.SSC1_SendWord) for SSC1_SendWord
    main.o(.text.readSensorAngle) refers to main.o(.bss.angval) for angval
    main.o(.text.readSensorAngle) refers to main.o(.text.PORT_P10_Output_High_Set) for PORT_P10_Output_High_Set
    main.o(.ARM.exidx.text.readSensorAngle) refers to main.o(.text.readSensorAngle) for [Anonymous Symbol]
    main.o(.text.calculateAngle) refers to main.o(.bss.angval) for angval
    main.o(.text.calculateAngle) refers to main.o(.bss.angVal_cpy) for angVal_cpy
    main.o(.text.calculateAngle) refers to main.o(.bss.value) for value
    main.o(.text.calculateAngle) refers to main.o(.data.max_angle) for max_angle
    main.o(.text.calculateAngle) refers to main.o(.data.max_15_bit_value) for max_15_bit_value
    main.o(.text.calculateAngle) refers to fdiv.o(.text) for __aeabi_fdiv
    main.o(.text.calculateAngle) refers to fflti.o(.text) for __aeabi_i2f
    main.o(.text.calculateAngle) refers to fmul.o(.text) for __aeabi_fmul
    main.o(.text.calculateAngle) refers to main.o(.bss.ang_deg) for ang_deg
    main.o(.ARM.exidx.text.calculateAngle) refers to main.o(.text.calculateAngle) for [Anonymous Symbol]
    main.o(.text.turnDirectionDetection) refers to main.o(.bss.ang_deg) for ang_deg
    main.o(.text.turnDirectionDetection) refers to fcmpge.o(.text) for __aeabi_fcmpge
    main.o(.text.turnDirectionDetection) refers to fcmple.o(.text) for __aeabi_fcmple
    main.o(.text.turnDirectionDetection) refers to puts.o(i.puts) for puts
    main.o(.text.turnDirectionDetection) refers to f2d.o(.text) for __aeabi_f2d
    main.o(.text.turnDirectionDetection) refers to printfa.o(i.__0printf) for __2printf
    main.o(.ARM.exidx.text.turnDirectionDetection) refers to main.o(.text.turnDirectionDetection) for [Anonymous Symbol]
    main.o(.text.PORT_P10_Output_Low_Set) refers to main.o(.text.Field_Mod8) for Field_Mod8
    main.o(.ARM.exidx.text.PORT_P10_Output_Low_Set) refers to main.o(.text.PORT_P10_Output_Low_Set) for [Anonymous Symbol]
    main.o(.text.SSC1_SendWord) refers to main.o(.text.Field_Wrt16) for Field_Wrt16
    main.o(.text.SSC1_SendWord) refers to main.o(.text.u16_Field_Rd16) for u16_Field_Rd16
    main.o(.ARM.exidx.text.SSC1_SendWord) refers to main.o(.text.SSC1_SendWord) for [Anonymous Symbol]
    main.o(.text.PORT_P10_Output_High_Set) refers to main.o(.text.Field_Mod8) for Field_Mod8
    main.o(.ARM.exidx.text.PORT_P10_Output_High_Set) refers to main.o(.text.PORT_P10_Output_High_Set) for [Anonymous Symbol]
    main.o(.ARM.exidx.text.Field_Mod8) refers to main.o(.text.Field_Mod8) for [Anonymous Symbol]
    main.o(.ARM.exidx.text.Field_Wrt16) refers to main.o(.text.Field_Wrt16) for [Anonymous Symbol]
    main.o(.ARM.exidx.text.u16_Field_Rd16) refers to main.o(.text.u16_Field_Rd16) for [Anonymous Symbol]
    retarget_io.o(.text.fputc) refers to stdout.o(.data) for __stdout
    retarget_io.o(.text.fputc) refers to uart.o(.text.stdout_putchar) for stdout_putchar
    retarget_io.o(.ARM.exidx.text.fputc) refers to retarget_io.o(.text.fputc) for [Anonymous Symbol]
    retarget_io.o(.text.fgetc) refers to stdin.o(.data) for __stdin
    retarget_io.o(.text.fgetc) refers to retarget_io.o(.bss.getchar_undo) for getchar_undo
    retarget_io.o(.text.fgetc) refers to retarget_io.o(.data.getchar_ch) for getchar_ch
    retarget_io.o(.text.fgetc) refers to uart.o(.text.stdin_getchar) for stdin_getchar
    retarget_io.o(.ARM.exidx.text.fgetc) refers to retarget_io.o(.text.fgetc) for [Anonymous Symbol]
    retarget_io.o(.text.__backspace) refers to stdin.o(.data) for __stdin
    retarget_io.o(.text.__backspace) refers to retarget_io.o(.data.getchar_ch) for getchar_ch
[...]
    uart.o(.text.UART2_RX_Int_Clr) refers to uart.o(.text.Field_Wrt8) for Field_Wrt8
    uart.o(.ARM.exidx.text.UART2_RX_Int_Clr) refers to uart.o(.text.UART2_RX_Int_Clr) for [Anonymous Symbol]
    uart.o(.text.UART2_Buffer_Get) refers to uart.o(.text.u8_Field_Rd8) for u8_Field_Rd8
    uart.o(.ARM.exidx.text.UART2_Buffer_Get) refers to uart.o(.text.UART2_Buffer_Get) for [Anonymous Symbol]
    uart.o(.ARM.exidx.text.u8_Field_Rd8) refers to uart.o(.text.u8_Field_Rd8) for [Anonymous Symbol]
    wdt1.o(.text.WDT1_Init) refers to wdt1.o(.bss.WD_Counter) for WD_Counter
    wdt1.o(.text.WDT1_Init) refers to wdt1.o(.bss.bSOWactive) for bSOWactive
    wdt1.o(.ARM.exidx.text.WDT1_Init) refers to wdt1.o(.text.WDT1_Init) for [Anonymous Symbol]
    wdt1.o(.ARM.exidx.text.SysTick_Init) refers to wdt1.o(.text.SysTick_Init) for [Anonymous Symbol]
    wdt1.o(.ARM.exidx.text.WDT1_Stop) refers to wdt1.o(.text.WDT1_Stop) for [Anonymous Symbol]
    wdt1.o(.text.WDT1_Service) refers to wdt1.o(.bss.WD_Counter) for WD_Counter
    wdt1.o(.text.WDT1_Service) refers to wdt1.o(.bss.bSOWactive) for bSOWactive
    wdt1.o(.ARM.exidx.text.WDT1_Service) refers to wdt1.o(.text.WDT1_Service) for [Anonymous Symbol]
    wdt1.o(.text.WDT1_SOW_Service) refers to wdt1.o(.bss.bSOWactive) for bSOWactive
    wdt1.o(.ARM.exidx.text.WDT1_SOW_Service) refers to wdt1.o(.text.WDT1_SOW_Service) for [Anonymous Symbol]
    wdt1.o(.text.Delay_us) refers to wdt1.o(.text.SysTick_ReloadValue_Get) for SysTick_ReloadValue_Get
    wdt1.o(.text.Delay_us) refers to wdt1.o(.text.SysTick_Value_Get) for SysTick_Value_Get
    wdt1.o(.ARM.exidx.text.Delay_us) refers to wdt1.o(.text.Delay_us) for [Anonymous Symbol]
    wdt1.o(.ARM.exidx.text.SysTick_ReloadValue_Get) refers to wdt1.o(.text.SysTick_ReloadValue_Get) for [Anonymous Symbol]
    wdt1.o(.ARM.exidx.text.SysTick_Value_Get) refers to wdt1.o(.text.SysTick_Value_Get) for [Anonymous Symbol]
    entry.o(.ARM.Collect$$$$00000000) refers (Special) to entry10a.o(.ARM.Collect$$$$0000000D) for __rt_final_cpp
    entry.o(.ARM.Collect$$$$00000000) refers (Special) to entry11a.o(.ARM.Collect$$$$0000000F) for __rt_final_exit
    entry.o(.ARM.Collect$$$$00000000) refers (Special) to entry7b.o(.ARM.Collect$$$$00000008) for _main_clock
    entry.o(.ARM.Collect$$$$00000000) refers (Special) to entry8b.o(.ARM.Collect$$$$0000000A) for _main_cpp_init
    entry.o(.ARM.Collect$$$$00000000) refers (Special) to entry9a.o(.ARM.Collect$$$$0000000B) for _main_init
    entry.o(.ARM.Collect$$$$00000000) refers (Special) to entry5.o(.ARM.Collect$$$$00000004) for _main_scatterload
    entry.o(.ARM.Collect$$$$00000000) refers (Special) to entry2.o(.ARM.Collect$$$$00000001) for _main_stk
    fputs.o(i.fputs) refers to retarget_io.o(.text.fputc) for fputc
    puts.o(i.puts) refers to retarget_io.o(.text.fputc) for fputc
    puts.o(i.puts) refers to stdout.o(.data) for __stdout
    fwrite.o(i.fwrite) refers to retarget_io.o(.text.fputc) for fputc
    fputs_e.o(.text) refers to retarget_io.o(.text.fputc) for fputc
    puts_e.o(.text) refers to retarget_io.o(.text.fputc) for fputc
    puts_e.o(.text) refers to stdout.o(.data) for __stdout
    fwrite_e.o(.text) refers to retarget_io.o(.text.fputc) for fputc
    printfb.o(i.__0fprintf$bare) refers to printfb.o(i._printf_core) for _printf_core
    printfb.o(i.__0fprintf$bare) refers to retarget_io.o(.text.fputc) for fputc
    printfb.o(i.__0printf$bare) refers to printfb.o(i._printf_core) for _printf_core
    printfb.o(i.__0printf$bare) refers to retarget_io.o(.text.fputc) for fputc
    printfb.o(i.__0printf$bare) refers to stdout.o(.data) for __stdout
    printfb.o(i.__0snprintf$bare) refers to printfb.o(i._printf_core) for _printf_core
    printfb.o(i.__0snprintf$bare) refers to printfb.o(i._snputc) for _snputc
    printfb.o(i.__0sprintf$bare) refers to printfb.o(i._printf_core) for _printf_core
    printfb.o(i.__0sprintf$bare) refers to printfb.o(i._sputc) for _sputc
    printfb.o(i.__0vfprintf$bare) refers to printfb.o(i._printf_core) for _printf_core
    printfb.o(i.__0vfprintf$bare) refers to retarget_io.o(.text.fputc) for fputc
    printfb.o(i.__0vprintf$bare) refers to printfb.o(i._printf_core) for _printf_core
    printfb.o(i.__0vprintf$bare) refers to retarget_io.o(.text.fputc) for fputc
    printfb.o(i.__0vprintf$bare) refers to stdout.o(.data) for __stdout
    printfb.o(i.__0vsnprintf$bare) refers to printfb.o(i._printf_core) for _printf_core
    printfb.o(i.__0vsnprintf$bare) refers to printfb.o(i._snputc) for _snputc
    printfb.o(i.__0vsprintf$bare) refers to printfb.o(i._printf_core) for _printf_core
    printfb.o(i.__0vsprintf$bare) refers to printfb.o(i._sputc) for _sputc
    printf0.o(i.__0fprintf$0) refers to printf0.o(i._printf_core) for _printf_core
    printf0.o(i.__0fprintf$0) refers to retarget_io.o(.text.fputc) for fputc
    printf0.o(i.__0printf$0) refers to printf0.o(i._printf_core) for _printf_core
    printf0.o(i.__0printf$0) refers to retarget_io.o(.text.fputc) for fputc
    printf0.o(i.__0printf$0) refers to stdout.o(.data) for __stdout
    printf0.o(i.__0snprintf$0) refers to printf0.o(i._printf_core) for _printf_core
    printf0.o(i.__0snprintf$0) refers to printf0.o(i._snputc) for _snputc
    printf0.o(i.__0sprintf$0) refers to printf0.o(i._printf_core) for _printf_core
    printf0.o(i.__0sprintf$0) refers to printf0.o(i._sputc) for _sputc
    printf0.o(i.__0vfprintf$0) refers to printf0.o(i._printf_core) for _printf_core
    printf0.o(i.__0vfprintf$0) refers to retarget_io.o(.text.fputc) for fputc
    printf0.o(i.__0vprintf$0) refers to printf0.o(i._printf_core) for _printf_core
    printf0.o(i.__0vprintf$0) refers to retarget_io.o(.text.fputc) for fputc
    printf0.o(i.__0vprintf$0) refers to stdout.o(.data) for __stdout
    printf0.o(i.__0vsnprintf$0) refers to printf0.o(i._printf_core) for _printf_core
    printf0.o(i.__0vsnprintf$0) refers to printf0.o(i._snputc) for _snputc
    printf0.o(i.__0vsprintf$0) refers to printf0.o(i._printf_core) for _printf_core
    printf0.o(i.__0vsprintf$0) refers to printf0.o(i._sputc) for _sputc
    printf1.o(i.__0fprintf$1) refers to printf1.o(i._printf_core) for _printf_core
    printf1.o(i.__0fprintf$1) refers to retarget_io.o(.text.fputc) for fputc
    printf1.o(i.__0printf$1) refers to printf1.o(i._printf_core) for _printf_core
    printf1.o(i.__0printf$1) refers to retarget_io.o(.text.fputc) for fputc
    printf1.o(i.__0printf$1) refers to stdout.o(.data) for __stdout
    printf1.o(i.__0snprintf$1) refers to printf1.o(i._printf_core) for _printf_core
    printf1.o(i.__0snprintf$1) refers to printf1.o(i._snputc) for _snputc
    printf1.o(i.__0sprintf$1) refers to printf1.o(i._printf_core) for _printf_core
    printf1.o(i.__0sprintf$1) refers to printf1.o(i._sputc) for _sputc
    printf1.o(i.__0vfprintf$1) refers to printf1.o(i._printf_core) for _printf_core
    printf1.o(i.__0vfprintf$1) refers to retarget_io.o(.text.fputc) for fputc
    printf1.o(i.__0vprintf$1) refers to printf1.o(i._printf_core) for _printf_core
    printf1.o(i.__0vprintf$1) refers to retarget_io.o(.text.fputc) for fputc
    printf1.o(i.__0vprintf$1) refers to stdout.o(.data) for __stdout
    printf1.o(i.__0vsnprintf$1) refers to printf1.o(i._printf_core) for _printf_core
    printf1.o(i.__0vsnprintf$1) refers to printf1.o(i._snputc) for _snputc
    printf1.o(i.__0vsprintf$1) refers to printf1.o(i._printf_core) for _printf_core
    printf1.o(i.__0vsprintf$1) refers to printf1.o(i._sputc) for _sputc
    printf1.o(i._printf_core) refers to uidiv.o(.text) for __aeabi_uidivmod
    printf2.o(i.__0fprintf$2) refers to printf2.o(i._printf_core) for _printf_core
    printf2.o(i.__0fprintf$2) refers to retarget_io.o(.text.fputc) for fputc
    printf2.o(i.__0printf$2) refers to printf2.o(i._printf_core) for _printf_core
    printf2.o(i.__0printf$2) refers to retarget_io.o(.text.fputc) for fputc
    printf2.o(i.__0printf$2) refers to stdout.o(.data) for __stdout
    printf2.o(i.__0snprintf$2) refers to printf2.o(i._printf_core) for _printf_core
    printf2.o(i.__0snprintf$2) refers to printf2.o(i._snputc) for _snputc
    printf2.o(i.__0sprintf$2) refers to printf2.o(i._printf_core) for _printf_core
    printf2.o(i.__0sprintf$2) refers to printf2.o(i._sputc) for _sputc
    printf2.o(i.__0vfprintf$2) refers to printf2.o(i._printf_core) for _printf_core
    printf2.o(i.__0vfprintf$2) refers to retarget_io.o(.text.fputc) for fputc
    printf2.o(i.__0vprintf$2) refers to printf2.o(i._printf_core) for _printf_core
    printf2.o(i.__0vprintf$2) refers to retarget_io.o(.text.fputc) for fputc
    printf2.o(i.__0vprintf$2) refers to stdout.o(.data) for __stdout
    printf2.o(i.__0vsnprintf$2) refers to printf2.o(i._printf_core) for _printf_core
    printf2.o(i.__0vsnprintf$2) refers to printf2.o(i._snputc) for _snputc
    printf2.o(i.__0vsprintf$2) refers to printf2.o(i._printf_core) for _printf_core
    printf2.o(i.__0vsprintf$2) refers to printf2.o(i._sputc) for _sputc
    printf3.o(i.__0fprintf$3) refers to printf3.o(i._printf_core) for _printf_core
    printf3.o(i.__0fprintf$3) refers to retarget_io.o(.text.fputc) for fputc
    printf3.o(i.__0printf$3) refers to printf3.o(i._printf_core) for _printf_core
    printf3.o(i.__0printf$3) refers to retarget_io.o(.text.fputc) for fputc
    printf3.o(i.__0printf$3) refers to stdout.o(.data) for __stdout
    printf3.o(i.__0snprintf$3) refers to printf3.o(i._printf_core) for _printf_core
    printf3.o(i.__0snprintf$3) refers to printf3.o(i._snputc) for _snputc
    printf3.o(i.__0sprintf$3) refers to printf3.o(i._printf_core) for _printf_core
    printf3.o(i.__0sprintf$3) refers to printf3.o(i._sputc) for _sputc
    printf3.o(i.__0vfprintf$3) refers to printf3.o(i._printf_core) for _printf_core
    printf3.o(i.__0vfprintf$3) refers to retarget_io.o(.text.fputc) for fputc
    printf3.o(i.__0vprintf$3) refers to printf3.o(i._printf_core) for _printf_core
    printf3.o(i.__0vprintf$3) refers to retarget_io.o(.text.fputc) for fputc
    printf3.o(i.__0vprintf$3) refers to stdout.o(.data) for __stdout
    printf3.o(i.__0vsnprintf$3) refers to printf3.o(i._printf_core) for _printf_core
    printf3.o(i.__0vsnprintf$3) refers to printf3.o(i._snputc) for _snputc
    printf3.o(i.__0vsprintf$3) refers to printf3.o(i._printf_core) for _printf_core
    printf3.o(i.__0vsprintf$3) refers to printf3.o(i._sputc) for _sputc
    printf3.o(i._printf_core) refers to uidiv.o(.text) for __aeabi_uidivmod
    printf4.o(i.__0fprintf$4) refers to printf4.o(i._printf_core) for _printf_core
    printf4.o(i.__0fprintf$4) refers to retarget_io.o(.text.fputc) for fputc
    printf4.o(i.__0printf$4) refers to printf4.o(i._printf_core) for _printf_core
    printf4.o(i.__0printf$4) refers to retarget_io.o(.text.fputc) for fputc
    printf4.o(i.__0printf$4) refers to stdout.o(.data) for __stdout
    printf4.o(i.__0snprintf$4) refers to printf4.o(i._printf_core) for _printf_core
    printf4.o(i.__0snprintf$4) refers to printf4.o(i._snputc) for _snputc
    printf4.o(i.__0sprintf$4) refers to printf4.o(i._printf_core) for _printf_core
    printf4.o(i.__0sprintf$4) refers to printf4.o(i._sputc) for _sputc
    printf4.o(i.__0vfprintf$4) refers to printf4.o(i._printf_core) for _printf_core
    printf4.o(i.__0vfprintf$4) refers to retarget_io.o(.text.fputc) for fputc
    printf4.o(i.__0vprintf$4) refers to printf4.o(i._printf_core) for _printf_core
    printf4.o(i.__0vprintf$4) refers to retarget_io.o(.text.fputc) for fputc
    printf4.o(i.__0vprintf$4) refers to stdout.o(.data) for __stdout
    printf4.o(i.__0vsnprintf$4) refers to printf4.o(i._printf_core) for _printf_core
    printf4.o(i.__0vsnprintf$4) refers to printf4.o(i._snputc) for _snputc
    printf4.o(i.__0vsprintf$4) refers to printf4.o(i._printf_core) for _printf_core
    printf4.o(i.__0vsprintf$4) refers to printf4.o(i._sputc) for _sputc
    printf4.o(i._printf_core) refers to uldiv.o(.text) for __aeabi_uldivmod
    printf5.o(i.__0fprintf$5) refers to printf5.o(i._printf_core) for _printf_core
    printf5.o(i.__0fprintf$5) refers to retarget_io.o(.text.fputc) for fputc
    printf5.o(i.__0printf$5) refers to printf5.o(i._printf_core) for _printf_core
    printf5.o(i.__0printf$5) refers to retarget_io.o(.text.fputc) for fputc
    printf5.o(i.__0printf$5) refers to stdout.o(.data) for __stdout
    printf5.o(i.__0snprintf$5) refers to printf5.o(i._printf_core) for _printf_core
    printf5.o(i.__0snprintf$5) refers to printf5.o(i._snputc) for _snputc
    printf5.o(i.__0sprintf$5) refers to printf5.o(i._printf_core) for _printf_core
    printf5.o(i.__0sprintf$5) refers to printf5.o(i._sputc) for _sputc
    printf5.o(i.__0vfprintf$5) refers to printf5.o(i._printf_core) for _printf_core
    printf5.o(i.__0vfprintf$5) refers to retarget_io.o(.text.fputc) for fputc
    printf5.o(i.__0vprintf$5) refers to printf5.o(i._printf_core) for _printf_core
    printf5.o(i.__0vprintf$5) refers to retarget_io.o(.text.fputc) for fputc
    printf5.o(i.__0vprintf$5) refers to stdout.o(.data) for __stdout
    printf5.o(i.__0vsnprintf$5) refers to printf5.o(i._printf_core) for _printf_core
    printf5.o(i.__0vsnprintf$5) refers to printf5.o(i._snputc) for _snputc
    printf5.o(i.__0vsprintf$5) refers to printf5.o(i._printf_core) for _printf_core
    printf5.o(i.__0vsprintf$5) refers to printf5.o(i._sputc) for _sputc
    printf5.o(i._printf_core) refers to uldiv.o(.text) for __aeabi_uldivmod
    printf6.o(i.__0fprintf$6) refers to printf6.o(i._printf_core) for _printf_core
    printf6.o(i.__0fprintf$6) refers to retarget_io.o(.text.fputc) for fputc
    printf6.o(i.__0printf$6) refers to printf6.o(i._printf_core) for _printf_core
    printf6.o(i.__0printf$6) refers to retarget_io.o(.text.fputc) for fputc
    printf6.o(i.__0printf$6) refers to stdout.o(.data) for __stdout
    printf6.o(i.__0snprintf$6) refers to printf6.o(i._printf_core) for _printf_core
    printf6.o(i.__0snprintf$6) refers to printf6.o(i._snputc) for _snputc
    printf6.o(i.__0sprintf$6) refers to printf6.o(i._printf_core) for _printf_core
    printf6.o(i.__0sprintf$6) refers to printf6.o(i._sputc) for _sputc
    printf6.o(i.__0vfprintf$6) refers to printf6.o(i._printf_core) for _printf_core
    printf6.o(i.__0vfprintf$6) refers to retarget_io.o(.text.fputc) for fputc
    printf6.o(i.__0vprintf$6) refers to printf6.o(i._printf_core) for _printf_core
    printf6.o(i.__0vprintf$6) refers to retarget_io.o(.text.fputc) for fputc
    printf6.o(i.__0vprintf$6) refers to stdout.o(.data) for __stdout
    printf6.o(i.__0vsnprintf$6) refers to printf6.o(i._printf_core) for _printf_core
    printf6.o(i.__0vsnprintf$6) refers to printf6.o(i._snputc) for _snputc
    printf6.o(i.__0vsprintf$6) refers to printf6.o(i._printf_core) for _printf_core
    printf6.o(i.__0vsprintf$6) refers to printf6.o(i._sputc) for _sputc
    printf6.o(i._printf_core) refers to printf6.o(i._printf_pre_padding) for _printf_pre_padding
    printf6.o(i._printf_core) refers to uidiv.o(.text) for __aeabi_uidivmod
    printf6.o(i._printf_core) refers to printf6.o(i._printf_post_padding) for _printf_post_padding
    printf7.o(i.__0fprintf$7) refers to printf7.o(i._printf_core) for _printf_core
    printf7.o(i.__0fprintf$7) refers to retarget_io.o(.text.fputc) for fputc
    printf7.o(i.__0printf$7) refers to printf7.o(i._printf_core) for _printf_core
    printf7.o(i.__0printf$7) refers to retarget_io.o(.text.fputc) for fputc
    printf7.o(i.__0printf$7) refers to stdout.o(.data) for __stdout
    printf7.o(i.__0snprintf$7) refers to printf7.o(i._printf_core) for _printf_core
    printf7.o(i.__0snprintf$7) refers to printf7.o(i._snputc) for _snputc
    printf7.o(i.__0sprintf$7) refers to printf7.o(i._printf_core) for _printf_core
    printf7.o(i.__0sprintf$7) refers to printf7.o(i._sputc) for _sputc
    printf7.o(i.__0vfprintf$7) refers to printf7.o(i._printf_core) for _printf_core
    printf7.o(i.__0vfprintf$7) refers to retarget_io.o(.text.fputc) for fputc
    printf7.o(i.__0vprintf$7) refers to printf7.o(i._printf_core) for _printf_core
    printf7.o(i.__0vprintf$7) refers to retarget_io.o(.text.fputc) for fputc
    printf7.o(i.__0vprintf$7) refers to stdout.o(.data) for __stdout
    printf7.o(i.__0vsnprintf$7) refers to printf7.o(i._printf_core) for _printf_core
    printf7.o(i.__0vsnprintf$7) refers to printf7.o(i._snputc) for _snputc
    printf7.o(i.__0vsprintf$7) refers to printf7.o(i._printf_core) for _printf_core
    printf7.o(i.__0vsprintf$7) refers to printf7.o(i._sputc) for _sputc
    printf7.o(i._printf_core) refers to printf7.o(i._printf_pre_padding) for _printf_pre_padding
    printf7.o(i._printf_core) refers to uldiv.o(.text) for __aeabi_uldivmod
    printf7.o(i._printf_core) refers to printf7.o(i._printf_post_padding) for _printf_post_padding
    printf8.o(i.__0fprintf$8) refers to printf8.o(i._printf_core) for _printf_core
    printf8.o(i.__0fprintf$8) refers to retarget_io.o(.text.fputc) for fputc
    printf8.o(i.__0printf$8) refers to printf8.o(i._printf_core) for _printf_core
    printf8.o(i.__0printf$8) refers to retarget_io.o(.text.fputc) for fputc
    printf8.o(i.__0printf$8) refers to stdout.o(.data) for __stdout
    printf8.o(i.__0snprintf$8) refers to printf8.o(i._printf_core) for _printf_core
    printf8.o(i.__0snprintf$8) refers to printf8.o(i._snputc) for _snputc
    printf8.o(i.__0sprintf$8) refers to printf8.o(i._printf_core) for _printf_core
    printf8.o(i.__0sprintf$8) refers to printf8.o(i._sputc) for _sputc
    printf8.o(i.__0vfprintf$8) refers to printf8.o(i._printf_core) for _printf_core
    printf8.o(i.__0vfprintf$8) refers to retarget_io.o(.text.fputc) for fputc
    printf8.o(i.__0vprintf$8) refers to printf8.o(i._printf_core) for _printf_core
    printf8.o(i.__0vprintf$8) refers to retarget_io.o(.text.fputc) for fputc
    printf8.o(i.__0vprintf$8) refers to stdout.o(.data) for __stdout
    printf8.o(i.__0vsnprintf$8) refers to printf8.o(i._printf_core) for _printf_core
    printf8.o(i.__0vsnprintf$8) refers to printf8.o(i._snputc) for _snputc
    printf8.o(i.__0vsprintf$8) refers to printf8.o(i._printf_core) for _printf_core
    printf8.o(i.__0vsprintf$8) refers to printf8.o(i._sputc) for _sputc
    printf8.o(i._printf_core) refers to printf8.o(i._printf_pre_padding) for _printf_pre_padding
    printf8.o(i._printf_core) refers to uldiv.o(.text) for __aeabi_uldivmod
    printf8.o(i._printf_core) refers to printf8.o(i._printf_post_padding) for _printf_post_padding
    printfa.o(i.__0fprintf) refers (Special) to iusefp.o(.text) for __I$use$fp
    printfa.o(i.__0fprintf) refers to printfa.o(i._printf_core) for _printf_core
    printfa.o(i.__0fprintf) refers to retarget_io.o(.text.fputc) for fputc
    printfa.o(i.__0printf) refers (Special) to iusefp.o(.text) for __I$use$fp
    printfa.o(i.__0printf) refers to printfa.o(i._printf_core) for _printf_core
    printfa.o(i.__0printf) refers to retarget_io.o(.text.fputc) for fputc
    printfa.o(i.__0printf) refers to stdout.o(.data) for __stdout
    printfa.o(i.__0snprintf) refers (Special) to iusefp.o(.text) for __I$use$fp
    printfa.o(i.__0snprintf) refers to printfa.o(i._printf_core) for _printf_core
    printfa.o(i.__0snprintf) refers to printfa.o(i._snputc) for _snputc
    printfa.o(i.__0sprintf) refers (Special) to iusefp.o(.text) for __I$use$fp
    printfa.o(i.__0sprintf) refers to printfa.o(i._printf_core) for _printf_core
    printfa.o(i.__0sprintf) refers to printfa.o(i._sputc) for _sputc
    printfa.o(i.__0vfprintf) refers (Special) to iusefp.o(.text) for __I$use$fp
    printfa.o(i.__0vfprintf) refers to printfa.o(i._printf_core) for _printf_core
    printfa.o(i.__0vfprintf) refers to retarget_io.o(.text.fputc) for fputc
    printfa.o(i.__0vprintf) refers (Special) to iusefp.o(.text) for __I$use$fp
    printfa.o(i.__0vprintf) refers to printfa.o(i._printf_core) for _printf_core
    printfa.o(i.__0vprintf) refers to retarget_io.o(.text.fputc) for fputc
    printfa.o(i.__0vprintf) refers to stdout.o(.data) for __stdout
    printfa.o(i.__0vsnprintf) refers (Special) to iusefp.o(.text) for __I$use$fp
    printfa.o(i.__0vsnprintf) refers to printfa.o(i._printf_core) for _printf_core
    printfa.o(i.__0vsnprintf) refers to printfa.o(i._snputc) for _snputc
    printfa.o(i.__0vsprintf) refers (Special) to iusefp.o(.text) for __I$use$fp
    printfa.o(i.__0vsprintf) refers to printfa.o(i._printf_core) for _printf_core
    printfa.o(i.__0vsprintf) refers to printfa.o(i._sputc) for _sputc
    printfa.o(i._fp_digits) refers (Special) to iusefp.o(.text) for __I$use$fp
    printfa.o(i._fp_digits) refers to dmul.o(.text) for __aeabi_dmul
    printfa.o(i._fp_digits) refers to ddiv.o(.text) for __aeabi_ddiv
    printfa.o(i._fp_digits) refers to cdrcmple.o(.text) for __aeabi_cdrcmple
    printfa.o(i._fp_digits) refers to dadd.o(.text) for __aeabi_dadd
    printfa.o(i._fp_digits) refers to dfixul.o(.text) for __aeabi_d2ulz
    printfa.o(i._fp_digits) refers to uldiv.o(.text) for __aeabi_uldivmod
    printfa.o(i._printf_core) refers (Special) to iusefp.o(.text) for __I$use$fp
    printfa.o(i._printf_core) refers to printfa.o(i._printf_pre_padding) for _printf_pre_padding
    printfa.o(i._printf_core) refers to uldiv.o(.text) for __aeabi_uldivmod
    printfa.o(i._printf_core) refers to printfa.o(i._printf_post_padding) for _printf_post_padding
    printfa.o(i._printf_core) refers to printfa.o(i._fp_digits) for _fp_digits
    printfa.o(i._printf_core) refers to uidiv.o(.text) for __aeabi_uidivmod
    printfa.o(i._printf_post_padding) refers (Special) to iusefp.o(.text) for __I$use$fp
    printfa.o(i._printf_pre_padding) refers (Special) to iusefp.o(.text) for __I$use$fp
    printfa.o(i._snputc) refers (Special) to iusefp.o(.text) for __I$use$fp
    printfa.o(i._sputc) refers (Special) to iusefp.o(.text) for __I$use$fp
    fmul.o(.text) refers (Special) to iusefp.o(.text) for __I$use$fp
    fdiv.o(.text) refers (Special) to iusefp.o(.text) for __I$use$fp
    fdiv.o(.text) refers to fepilogue.o(.text) for _float_round
    fcmple.o(.text) refers (Special) to iusefp.o(.text) for __I$use$fp
    fcmpge.o(.text) refers (Special) to iusefp.o(.text) for __I$use$fp
    fflti.o(.text) refers (Special) to iusefp.o(.text) for __I$use$fp
    fflti.o(.text) refers to fepilogue.o(.text) for _float_epilogue
    f2d.o(.text) refers (Special) to iusefp.o(.text) for __I$use$fp
    entry2.o(.ARM.Collect$$$$00000001) refers to entry2.o(.ARM.Collect$$$$00002712) for __lit__00000000
    entry2.o(.ARM.Collect$$$$00002712) refers to startup_tle987x.o(STACK) for __initial_sp
    entry2.o(__vectab_stack_and_reset_area) refers to startup_tle987x.o(STACK) for __initial_sp
    entry2.o(__vectab_stack_and_reset_area) refers to entry.o(.ARM.Collect$$$$00000000) for __main
    entry5.o(.ARM.Collect$$$$00000004) refers to init.o(.text) for __scatterload
    entry9a.o(.ARM.Collect$$$$0000000B) refers to main.o(.text.main) for main
    entry9b.o(.ARM.Collect$$$$0000000C) refers to main.o(.text.main) for main
    uldiv.o(.text) refers to llushr.o(.text) for __aeabi_llsr
    uldiv.o(.text) refers to llshl.o(.text) for __aeabi_llsl
    fepilogue.o(.text) refers (Special) to iusefp.o(.text) for __I$use$fp
    dadd.o(.text) refers (Special) to iusefp.o(.text) for __I$use$fp
    dadd.o(.text) refers to llshl.o(.text) for __aeabi_llsl
    dadd.o(.text) refers to llsshr.o(.text) for __aeabi_lasr
    dadd.o(.text) refers to depilogue.o(.text) for _double_epilogue
    dmul.o(.text) refers (Special) to iusefp.o(.text) for __I$use$fp
    dmul.o(.text) refers to depilogue.o(.text) for _double_epilogue
    ddiv.o(.text) refers (Special) to iusefp.o(.text) for __I$use$fp
    ddiv.o(.text) refers to depilogue.o(.text) for _double_round
    dfixul.o(.text) refers (Special) to iusefp.o(.text) for __I$use$fp
    dfixul.o(.text) refers to llushr.o(.text) for __aeabi_llsr
    dfixul.o(.text) refers to llshl.o(.text) for __aeabi_llsl
    cdrcmple.o(.text) refers (Special) to iusefp.o(.text) for __I$use$fp
    init.o(.text) refers to entry5.o(.ARM.Collect$$$$00000004) for __main_after_scatterload
    depilogue.o(.text) refers (Special) to iusefp.o(.text) for __I$use$fp
    depilogue.o(.text) refers to llshl.o(.text) for __aeabi_llsl
    depilogue.o(.text) refers to llushr.o(.text) for __aeabi_llsr


==============================================================================

Removing Unused input sections from the image.

    Removing main.o(.text), (0 bytes).
    Removing main.o(.ARM.exidx.text.main), (8 bytes).
    Removing main.o(.ARM.exidx.text.configSensor), (8 bytes).
    Removing main.o(.ARM.exidx.text.readSensorAngle), (8 bytes).
    Removing main.o(.ARM.exidx.text.calculateAngle), (8 bytes).
    Removing main.o(.ARM.exidx.text.turnDirectionDetection), (8 bytes).
    Removing main.o(.ARM.exidx.text.PORT_P10_Output_Low_Set), (8 bytes).
    Removing main.o(.ARM.exidx.text.SSC1_SendWord), (8 bytes).
    Removing main.o(.ARM.exidx.text.PORT_P10_Output_High_Set), (8 bytes).
    Removing main.o(.ARM.exidx.text.Field_Mod8), (8 bytes).
    Removing main.o(.ARM.exidx.text.Field_Wrt16), (8 bytes).
    Removing main.o(.ARM.exidx.text.u16_Field_Rd16), (8 bytes).
    Removing main.o(.ARM.use_no_argv), (4 bytes).
    Removing retarget_io.o(.text), (0 bytes).
    Removing retarget_io.o(.ARM.exidx.text.fputc), (8 bytes).
    Removing retarget_io.o(.text.fgetc), (72 bytes).
    Removing retarget_io.o(.ARM.exidx.text.fgetc), (8 bytes).
    Removing retarget_io.o(.text.__backspace), (48 bytes).
    Removing retarget_io.o(.ARM.exidx.text.__backspace), (8 bytes).
    Removing retarget_io.o(.text.__aeabi_assert), (180 bytes).
    Removing retarget_io.o(.ARM.exidx.text.__aeabi_assert), (8 bytes).
    Removing retarget_io.o(.text.abort), (2 bytes).
    Removing retarget_io.o(.ARM.exidx.text.abort), (8 bytes).
    Removing retarget_io.o(.bss.getchar_undo), (1 bytes).
    Removing retarget_io.o(.data.getchar_ch), (4 bytes).
    Removing bootrom.o(.text), (0 bytes).
    Removing bootrom.o(.text.ProgramPage), (106 bytes).
    Removing bootrom.o(.ARM.exidx.text.ProgramPage), (8 bytes).
    Removing bootrom.o(.text.CMSIS_Irq_Dis), (4 bytes).
    Removing bootrom.o(.ARM.exidx.text.CMSIS_Irq_Dis), (8 bytes).
    Removing bootrom.o(.text.CMSIS_Irq_En), (4 bytes).
    Removing bootrom.o(.ARM.exidx.text.CMSIS_Irq_En), (8 bytes).
    Removing bootrom.o(.text.GetCustomerID), (40 bytes).
    Removing bootrom.o(.ARM.exidx.text.GetCustomerID), (8 bytes).
    Removing bootrom.o(.rodata.USER_CFLASH_WR_PROT_DIS), (4 bytes).
    Removing bootrom.o(.rodata.USER_CFLASH_RD_PROT_EN), (4 bytes).
    Removing bootrom.o(.rodata.USER_CFLASH_RD_PROT_DIS), (4 bytes).
    Removing bootrom.o(.rodata.USER_DFLASH_WR_PROT_EN), (4 bytes).
    Removing bootrom.o(.rodata.USER_DFLASH_WR_PROT_DIS), (4 bytes).
    Removing bootrom.o(.rodata.USER_DFLASH_RD_PROT_EN), (4 bytes).
    Removing bootrom.o(.rodata.USER_DFLASH_RD_PROT_DIS), (4 bytes).
    Removing bootrom.o(.rodata.USER_OPENAB), (4 bytes).
    Removing bootrom.o(.rodata.USER_PROG), (4 bytes).
    Removing bootrom.o(.rodata.USER_ERASEPG), (4 bytes).
    Removing bootrom.o(.rodata.USER_ABORTPROG), (4 bytes).
    Removing bootrom.o(.rodata.USER_NVMRDY), (4 bytes).
    Removing bootrom.o(.rodata.USER_READ_CAL), (4 bytes).
    Removing bootrom.o(.rodata.USER_NVM_CONFIG), (4 bytes).
    Removing bootrom.o(.rodata.USER_NVM_ECC2ADDR), (4 bytes).
    Removing bootrom.o(.rodata.USER_MAPRAM_INIT), (4 bytes).
    Removing bootrom.o(.rodata.USER_READ_100TP), (4 bytes).
    Removing bootrom.o(.rodata.USER_100TP_PROG), (4 bytes).
    Removing bootrom.o(.rodata.USER_ERASE_SECTOR), (4 bytes).
    Removing bootrom.o(.rodata.USER_RAM_MBIST_START), (4 bytes).
    Removing bootrom.o(.rodata.USER_NVM_ECC_CHECK), (4 bytes).
    Removing bootrom.o(.rodata.USER_ECC_CHECK), (4 bytes).
    Removing int.o(.text), (0 bytes).
    Removing int.o(.ARM.exidx.text.INT_Init), (8 bytes).
    Removing isr.o(.text), (0 bytes).
    Removing isr.o(.ARM.exidx.text.HardFault_Handler), (8 bytes).
    Removing isr.o(.ARM.exidx.text.MemManage_Handler), (8 bytes).
    Removing isr.o(.ARM.exidx.text.BusFault_Handler), (8 bytes).
    Removing isr.o(.ARM.exidx.text.UsageFault_Handler), (8 bytes).
    Removing isr.o(.ARM.exidx.text.SysTick_Handler), (8 bytes).
    Removing isr.o(.ARM.exidx.text.WDT1_Window_Count), (8 bytes).
    Removing lin.o(.text), (0 bytes).
    Removing lin.o(.ARM.exidx.text.LIN_Init), (8 bytes).
    Removing pmu.o(.text), (0 bytes).
    Removing pmu.o(.ARM.exidx.text.PMU_Init), (8 bytes).
    Removing pmu.o(.text.PMU_VDDEXT_On), (124 bytes).
    Removing pmu.o(.ARM.exidx.text.PMU_VDDEXT_On), (8 bytes).
    Removing pmu.o(.text.CMSIS_Irq_Dis), (4 bytes).
    Removing pmu.o(.ARM.exidx.text.CMSIS_Irq_Dis), (8 bytes).
    Removing pmu.o(.text.CMSIS_Irq_En), (4 bytes).
    Removing pmu.o(.ARM.exidx.text.CMSIS_Irq_En), (8 bytes).
    Removing port.o(.text), (0 bytes).
    Removing port.o(.ARM.exidx.text.PORT_Init), (8 bytes).
    Removing port.o(.text.PORT_ChangePin), (110 bytes).
    Removing port.o(.ARM.exidx.text.PORT_ChangePin), (8 bytes).
    Removing port.o(.text.CMSIS_Irq_Dis), (4 bytes).
    Removing port.o(.ARM.exidx.text.CMSIS_Irq_Dis), (8 bytes).
    Removing port.o(.text.Field_Clr8), (10 bytes).
    Removing port.o(.ARM.exidx.text.Field_Clr8), (8 bytes).
    Removing port.o(.text.Field_Mod8), (22 bytes).
    Removing port.o(.ARM.exidx.text.Field_Mod8), (8 bytes).
    Removing port.o(.text.Field_Inv8), (8 bytes).
    Removing port.o(.ARM.exidx.text.Field_Inv8), (8 bytes).
    Removing port.o(.text.CMSIS_Irq_En), (4 bytes).
    Removing port.o(.ARM.exidx.text.CMSIS_Irq_En), (8 bytes).
    Removing port.o(.text.PORT_ReadPin), (34 bytes).
    Removing port.o(.ARM.exidx.text.PORT_ReadPin), (8 bytes).
    Removing port.o(.text.u8_Field_Rd8), (8 bytes).
    Removing port.o(.ARM.exidx.text.u8_Field_Rd8), (8 bytes).
    Removing port.o(.text.PORT_ReadPort), (32 bytes).
    Removing port.o(.ARM.exidx.text.PORT_ReadPort), (8 bytes).
    Removing port.o(.text.PORT_ChangePinAlt), (80 bytes).
    Removing port.o(.ARM.exidx.text.PORT_ChangePinAlt), (8 bytes).
    Removing scu.o(.text), (0 bytes).
    Removing scu.o(.ARM.exidx.text.SCU_ClkInit), (8 bytes).
    Removing scu.o(.ARM.exidx.text.CMSIS_Irq_Dis), (8 bytes).
    Removing scu.o(.ARM.exidx.text.Field_Mod8), (8 bytes).
    Removing scu.o(.ARM.exidx.text.PLL_setfSYStoLPCLK), (8 bytes).
    Removing scu.o(.ARM.exidx.text.PLL_setK1divToOne), (8 bytes).
    Removing scu.o(.ARM.exidx.text.PLL_setPrescalerMode), (8 bytes).
    Removing scu.o(.ARM.exidx.text.PLL_setOscTrim), (8 bytes).
    Removing scu.o(.ARM.exidx.text.PLL_setNdivFromConfigWizard), (8 bytes).
    Removing scu.o(.ARM.exidx.text.PLL_setVcoselK2divFromConfigWizard), (8 bytes).
    Removing scu.o(.ARM.exidx.text.PLL_resetPllLockDetection), (8 bytes).
    Removing scu.o(.ARM.exidx.text.PLL_waitForPllLock), (8 bytes).
    Removing scu.o(.ARM.exidx.text.PLL_setNormalMode), (8 bytes).
    Removing scu.o(.ARM.exidx.text.PLL_setfSYStofPLL), (8 bytes).
    Removing scu.o(.ARM.exidx.text.Field_Wrt8all), (8 bytes).
    Removing scu.o(.ARM.exidx.text.SCU_toggleAPCLK_SET), (8 bytes).
    Removing scu.o(.ARM.exidx.text.SCU_OpenPASSWD), (8 bytes).
    Removing scu.o(.ARM.exidx.text.SCU_ClosePASSWD), (8 bytes).
    Removing scu.o(.ARM.exidx.text.CMSIS_Irq_En), (8 bytes).
    Removing scu.o(.ARM.exidx.text.SCU_Init), (8 bytes).
    Removing scu.o(.text.SCU_EnterSlowMode), (180 bytes).
    Removing scu.o(.ARM.exidx.text.SCU_EnterSlowMode), (8 bytes).
    Removing scu.o(.text.SysTick_ReloadValue_Set), (12 bytes).
    Removing scu.o(.ARM.exidx.text.SysTick_ReloadValue_Set), (8 bytes).
    Removing scu.o(.text.SCU_ExitSlowMode), (76 bytes).
    Removing scu.o(.ARM.exidx.text.SCU_ExitSlowMode), (8 bytes).
    Removing scu.o(.text.SCU_ChangeNVMProtection), (128 bytes).
    Removing scu.o(.ARM.exidx.text.SCU_ChangeNVMProtection), (8 bytes).
    Removing scu.o(.ARM.exidx.text.u1_Field_Rd8), (8 bytes).
    Removing scu.o(.ARM.exidx.text.CMSIS_NOP), (8 bytes).
    Removing scu.o(.data.SystemFrequency), (4 bytes).
    Removing ssc.o(.text), (0 bytes).
    Removing ssc.o(.ARM.exidx.text.SSC1_Init), (8 bytes).
    Removing ssc.o(.ARM.exidx.text.SSC2_Init), (8 bytes).
    Removing startup_tle987x.o(HEAP), (0 bytes).
    Removing system_tle987x.o(.text), (0 bytes).
    Removing system_tle987x.o(.ARM.exidx.text.SystemInit), (8 bytes).
    Removing tle_device.o(.text), (0 bytes).
    Removing tle_device.o(.ARM.exidx.text.TLE_Init), (8 bytes).
    Removing uart.o(.text), (0 bytes).
    Removing uart.o(.ARM.exidx.text.UART1_Init), (8 bytes).
    Removing uart.o(.text.UART1_BaudRate_Set), (40 bytes).
    Removing uart.o(.ARM.exidx.text.UART1_BaudRate_Set), (8 bytes).
    Removing uart.o(.text.UART1_BaudRateGen_Dis), (18 bytes).
    Removing uart.o(.ARM.exidx.text.UART1_BaudRateGen_Dis), (8 bytes).
    Removing uart.o(.text.UART1_BaudRate_Value_Set), (30 bytes).
    Removing uart.o(.ARM.exidx.text.UART1_BaudRate_Value_Set), (8 bytes).
    Removing uart.o(.text.UART1_BaudRateGen_En), (18 bytes).
    Removing uart.o(.ARM.exidx.text.UART1_BaudRateGen_En), (8 bytes).
    Removing uart.o(.ARM.exidx.text.UART2_Init), (8 bytes).
    Removing uart.o(.text.UART2_BaudRate_Set), (66 bytes).
    Removing uart.o(.ARM.exidx.text.UART2_BaudRate_Set), (8 bytes).
    Removing uart.o(.text.UART2_BaudRateGen_Dis), (18 bytes).
    Removing uart.o(.ARM.exidx.text.UART2_BaudRateGen_Dis), (8 bytes).
    Removing uart.o(.text.UART2_BaudRate_Value_Set), (30 bytes).
    Removing uart.o(.ARM.exidx.text.UART2_BaudRate_Value_Set), (8 bytes).
    Removing uart.o(.text.UART2_BaudRateGen_En), (18 bytes).
    Removing uart.o(.ARM.exidx.text.UART2_BaudRateGen_En), (8 bytes).
    Removing uart.o(.ARM.exidx.text.stdout_putchar), (8 bytes).
    Removing uart.o(.ARM.exidx.text.UART2_Send_Byte), (8 bytes).
    Removing uart.o(.ARM.exidx.text.UART2_isByteTransmitted), (8 bytes).
    Removing uart.o(.text.stdin_getchar), (26 bytes).
    Removing uart.o(.ARM.exidx.text.stdin_getchar), (8 bytes).
    Removing uart.o(.text.UART2_isByteReceived), (16 bytes).
    Removing uart.o(.ARM.exidx.text.UART2_isByteReceived), (8 bytes).
    Removing uart.o(.text.UART2_Get_Byte), (12 bytes).
    Removing uart.o(.ARM.exidx.text.UART2_Get_Byte), (8 bytes).
    Removing uart.o(.text.ttywrch), (8 bytes).
    Removing uart.o(.ARM.exidx.text.ttywrch), (8 bytes).
    Removing uart.o(.text.Field_Mod8), (16 bytes).
    Removing uart.o(.ARM.exidx.text.Field_Mod8), (8 bytes).
    Removing uart.o(.text.Field_Wrt8all), (4 bytes).
    Removing uart.o(.ARM.exidx.text.Field_Wrt8all), (8 bytes).
    Removing uart.o(.ARM.exidx.text.UART2_TX_Int_Clr), (8 bytes).
    Removing uart.o(.ARM.exidx.text.UART2_Buffer_Set), (8 bytes).
    Removing uart.o(.ARM.exidx.text.Field_Wrt8), (8 bytes).
    Removing uart.o(.ARM.exidx.text.UART2_TX_Sts), (8 bytes).
    Removing uart.o(.ARM.exidx.text.u1_Field_Rd8), (8 bytes).
    Removing uart.o(.text.UART2_RX_Sts), (12 bytes).
    Removing uart.o(.ARM.exidx.text.UART2_RX_Sts), (8 bytes).
    Removing uart.o(.text.UART2_RX_Int_Clr), (22 bytes).
    Removing uart.o(.ARM.exidx.text.UART2_RX_Int_Clr), (8 bytes).
    Removing uart.o(.text.UART2_Buffer_Get), (8 bytes).
    Removing uart.o(.ARM.exidx.text.UART2_Buffer_Get), (8 bytes).
    Removing uart.o(.text.u8_Field_Rd8), (12 bytes).
    Removing uart.o(.ARM.exidx.text.u8_Field_Rd8), (8 bytes).
    Removing wdt1.o(.text), (0 bytes).
    Removing wdt1.o(.ARM.exidx.text.WDT1_Init), (8 bytes).
    Removing wdt1.o(.ARM.exidx.text.SysTick_Init), (8 bytes).
    Removing wdt1.o(.text.WDT1_Stop), (18 bytes).
    Removing wdt1.o(.ARM.exidx.text.WDT1_Stop), (8 bytes).
    Removing wdt1.o(.ARM.exidx.text.WDT1_Service), (8 bytes).
    Removing wdt1.o(.ARM.exidx.text.WDT1_SOW_Service), (8 bytes).
    Removing wdt1.o(.text.Delay_us), (124 bytes).
    Removing wdt1.o(.ARM.exidx.text.Delay_us), (8 bytes).
    Removing wdt1.o(.text.SysTick_ReloadValue_Get), (12 bytes).
    Removing wdt1.o(.ARM.exidx.text.SysTick_ReloadValue_Get), (8 bytes).
    Removing wdt1.o(.text.SysTick_Value_Get), (12 bytes).
    Removing wdt1.o(.ARM.exidx.text.SysTick_Value_Get), (8 bytes).

196 unused section(s) (total 2801 bytes) removed from the image.

==============================================================================

Image Symbol Table

    Local Symbols

    Symbol Name                              Value     Ov Type        Size  Object(Section)

    ../clib/division.s                       0x00000000   Number         0  aeabi_sdiv.o ABSOLUTE
    ../clib/microlib/division.c              0x00000000   Number         0  uidiv.o ABSOLUTE
    ../clib/microlib/division.c              0x00000000   Number         0  uldiv.o ABSOLUTE
    ../clib/microlib/init/entry.s            0x00000000   Number         0  entry.o ABSOLUTE
    ../clib/microlib/init/entry.s            0x00000000   Number         0  entry2.o ABSOLUTE
    ../clib/microlib/init/entry.s            0x00000000   Number         0  entry5.o ABSOLUTE
    ../clib/microlib/init/entry.s            0x00000000   Number         0  entry7a.o ABSOLUTE
    ../clib/microlib/init/entry.s            0x00000000   Number         0  entry7b.o ABSOLUTE
    ../clib/microlib/init/entry.s            0x00000000   Number         0  entry8a.o ABSOLUTE
    ../clib/microlib/init/entry.s            0x00000000   Number         0  entry8b.o ABSOLUTE
    ../clib/microlib/init/entry.s            0x00000000   Number         0  entry9a.o ABSOLUTE
    ../clib/microlib/init/entry.s            0x00000000   Number         0  entry9b.o ABSOLUTE
    ../clib/microlib/init/entry.s            0x00000000   Number         0  entry10a.o ABSOLUTE
    ../clib/microlib/init/entry.s            0x00000000   Number         0  entry10b.o ABSOLUTE
    ../clib/microlib/init/entry.s            0x00000000   Number         0  entry11a.o ABSOLUTE
    ../clib/microlib/init/entry.s            0x00000000   Number         0  entry11b.o ABSOLUTE
    ../clib/microlib/longlong.c              0x00000000   Number         0  llshl.o ABSOLUTE
    ../clib/microlib/longlong.c              0x00000000   Number         0  llushr.o ABSOLUTE
    ../clib/microlib/longlong.c              0x00000000   Number         0  llsshr.o ABSOLUTE
    ../clib/microlib/printf/printf.c         0x00000000   Number         0  printfb.o ABSOLUTE
    ../clib/microlib/printf/printf.c         0x00000000   Number         0  printf0.o ABSOLUTE
    ../clib/microlib/printf/printf.c         0x00000000   Number         0  printf1.o ABSOLUTE
    ../clib/microlib/printf/printf.c         0x00000000   Number         0  printf2.o ABSOLUTE
    ../clib/microlib/printf/printf.c         0x00000000   Number         0  printf3.o ABSOLUTE
    ../clib/microlib/printf/printf.c         0x00000000   Number         0  printf4.o ABSOLUTE
    ../clib/microlib/printf/printf.c         0x00000000   Number         0  printf5.o ABSOLUTE
    ../clib/microlib/printf/printf.c         0x00000000   Number         0  printf6.o ABSOLUTE
    ../clib/microlib/printf/printf.c         0x00000000   Number         0  printf7.o ABSOLUTE
    ../clib/microlib/printf/printf.c         0x00000000   Number         0  printf8.o ABSOLUTE
    ../clib/microlib/printf/printf.c         0x00000000   Number         0  printfa.o ABSOLUTE
    ../clib/microlib/printf/stubs.s          0x00000000   Number         0  printfstubs.o ABSOLUTE
    ../clib/microlib/stdio/fputs.c           0x00000000   Number         0  fputs.o ABSOLUTE
    ../clib/microlib/stdio/fputs.c           0x00000000   Number         0  fputs_e.o ABSOLUTE
    ../clib/microlib/stdio/fwrite.c          0x00000000   Number         0  fwrite.o ABSOLUTE
    ../clib/microlib/stdio/fwrite.c          0x00000000   Number         0  fwrite_e.o ABSOLUTE
    ../clib/microlib/stdio/puts.c            0x00000000   Number         0  puts.o ABSOLUTE
    ../clib/microlib/stdio/puts.c            0x00000000   Number         0  puts_e.o ABSOLUTE
    ../clib/microlib/stdio/streams.c         0x00000000   Number         0  stdin.o ABSOLUTE
    ../clib/microlib/stdio/streams.c         0x00000000   Number         0  stdout.o ABSOLUTE
    ../clib/microlib/stdio/streams.c         0x00000000   Number         0  stderr.o ABSOLUTE
    ../clib/microlib/stubs.s                 0x00000000   Number         0  iusefp.o ABSOLUTE
    ../fplib/microlib/f2d.c                  0x00000000   Number         0  f2d.o ABSOLUTE
    ../fplib/microlib/fpadd.c                0x00000000   Number         0  dadd.o ABSOLUTE
    ../fplib/microlib/fpcmp.c                0x00000000   Number         0  fcmple.o ABSOLUTE
    ../fplib/microlib/fpcmp.c                0x00000000   Number         0  fcmpge.o ABSOLUTE
    ../fplib/microlib/fpdiv.c                0x00000000   Number         0  fdiv.o ABSOLUTE
    ../fplib/microlib/fpdiv.c                0x00000000   Number         0  ddiv.o ABSOLUTE
    ../fplib/microlib/fpepilogue.c           0x00000000   Number         0  fepilogue.o ABSOLUTE
    ../fplib/microlib/fpepilogue.c           0x00000000   Number         0  depilogue.o ABSOLUTE
    ../fplib/microlib/fpfix.c                0x00000000   Number         0  dfixul.o ABSOLUTE
    ../fplib/microlib/fpflt.c                0x00000000   Number         0  fflti.o ABSOLUTE
    ../fplib/microlib/fpmul.c                0x00000000   Number         0  fmul.o ABSOLUTE
    ../fplib/microlib/fpmul.c                0x00000000   Number         0  dmul.o ABSOLUTE
    RTE\Device\TLE9879QXA40\startup_tle987x.S 0x00000000   Number         0  startup_tle987x.o ABSOLUTE
    bootrom.c                                0x00000000   Number         0  bootrom.o ABSOLUTE
    cdrcmple.s                               0x00000000   Number         0  cdrcmple.o ABSOLUTE
    dc.s                                     0x00000000   Number         0  dc.o ABSOLUTE
    handlers.s                               0x00000000   Number         0  handlers.o ABSOLUTE
    init.s                                   0x00000000   Number         0  init.o ABSOLUTE
    int.c                                    0x00000000   Number         0  int.o ABSOLUTE
    isr.c                                    0x00000000   Number         0  isr.o ABSOLUTE
    lin.c                                    0x00000000   Number         0  lin.o ABSOLUTE
    main.c                                   0x00000000   Number         0  main.o ABSOLUTE
    pmu.c                                    0x00000000   Number         0  pmu.o ABSOLUTE
    port.c                                   0x00000000   Number         0  port.o ABSOLUTE
    retarget_io.c                            0x00000000   Number         0  retarget_io.o ABSOLUTE
    scu.c                                    0x00000000   Number         0  scu.o ABSOLUTE
    ssc.c                                    0x00000000   Number         0  ssc.o ABSOLUTE
    system_tle987x.c                         0x00000000   Number         0  system_tle987x.o ABSOLUTE
    tle_device.c                             0x00000000   Number         0  tle_device.o ABSOLUTE
    uart.c                                   0x00000000   Number         0  uart.o ABSOLUTE
    wdt1.c                                   0x00000000   Number         0  wdt1.o ABSOLUTE
    RESET                                    0x11000000   Section      128  startup_tle987x.o(RESET)
    .ARM.Collect$$$$00000000                 0x11000080   Section        0  entry.o(.ARM.Collect$$$$00000000)
    .ARM.Collect$$$$00000001                 0x11000080   Section        4  entry2.o(.ARM.Collect$$$$00000001)
    .ARM.Collect$$$$00000004                 0x11000084   Section        4  entry5.o(.ARM.Collect$$$$00000004)
    .ARM.Collect$$$$00000008                 0x11000088   Section        0  entry7b.o(.ARM.Collect$$$$00000008)
    .ARM.Collect$$$$0000000A                 0x11000088   Section        0  entry8b.o(.ARM.Collect$$$$0000000A)
    .ARM.Collect$$$$0000000B                 0x11000088   Section        8  entry9a.o(.ARM.Collect$$$$0000000B)
    __lit__00000000                          0x11000090   Data           4  entry2.o(.ARM.Collect$$$$00002712)
    .ARM.Collect$$$$0000000D                 0x11000090   Section        0  entry10a.o(.ARM.Collect$$$$0000000D)
    .ARM.Collect$$$$0000000F                 0x11000090   Section        0  entry11a.o(.ARM.Collect$$$$0000000F)
    .ARM.Collect$$$$00002712                 0x11000090   Section        4  entry2.o(.ARM.Collect$$$$00002712)
    .text                                    0x11000094   Section       64  startup_tle987x.o(.text)
    SVC_Handler                              0x110000a9   Thumb Code    24  startup_tle987x.o(.text)
    .text                                    0x110000d4   Section        0  fmul.o(.text)
    .text                                    0x11000138   Section        0  fdiv.o(.text)
    .text                                    0x110001b4   Section        0  fcmple.o(.text)
    .text                                    0x110001d0   Section        0  fcmpge.o(.text)
    .text                                    0x110001ec   Section        0  fflti.o(.text)
    .text                                    0x110001fe   Section        0  f2d.o(.text)
    .text                                    0x11000224   Section        0  uidiv.o(.text)
    .text                                    0x11000250   Section        0  uldiv.o(.text)
    .text                                    0x110002b2   Section        0  iusefp.o(.text)
    .text                                    0x110002b2   Section        0  fepilogue.o(.text)
    .text                                    0x11000320   Section        0  dadd.o(.text)
    .text                                    0x1100046e   Section        0  dmul.o(.text)
    .text                                    0x11000552   Section        0  ddiv.o(.text)
    .text                                    0x11000630   Section        0  dfixul.o(.text)
    .text                                    0x11000660   Section       48  cdrcmple.o(.text)
    .text                                    0x11000690   Section       36  init.o(.text)
    .text                                    0x110006b4   Section        0  llshl.o(.text)
    .text                                    0x110006d2   Section        0  llushr.o(.text)
    .text                                    0x110006f2   Section        0  llsshr.o(.text)
    .text                                    0x11000716   Section        0  depilogue.o(.text)
    [Anonymous Symbol]                       0x110007d0   Section        0  isr.o(.text.BusFault_Handler)
    CMSIS_Irq_Dis                            0x110007d5   Thumb Code     4  scu.o(.text.CMSIS_Irq_Dis)
    [Anonymous Symbol]                       0x110007d4   Section        0  scu.o(.text.CMSIS_Irq_Dis)
    CMSIS_Irq_En                             0x110007d9   Thumb Code     4  scu.o(.text.CMSIS_Irq_En)
    [Anonymous Symbol]                       0x110007d8   Section        0  scu.o(.text.CMSIS_Irq_En)
    CMSIS_NOP                                0x110007dd   Thumb Code     4  scu.o(.text.CMSIS_NOP)
    [Anonymous Symbol]                       0x110007dc   Section        0  scu.o(.text.CMSIS_NOP)
    Field_Mod8                               0x110007e1   Thumb Code    24  main.o(.text.Field_Mod8)
    [Anonymous Symbol]                       0x110007e0   Section        0  main.o(.text.Field_Mod8)
    Field_Mod8                               0x110007f9   Thumb Code    22  scu.o(.text.Field_Mod8)
    [Anonymous Symbol]                       0x110007f8   Section        0  scu.o(.text.Field_Mod8)
    Field_Wrt16                              0x11000811   Thumb Code    12  main.o(.text.Field_Wrt16)
    [Anonymous Symbol]                       0x11000810   Section        0  main.o(.text.Field_Wrt16)
    Field_Wrt8                               0x1100081d   Thumb Code    10  uart.o(.text.Field_Wrt8)
    [Anonymous Symbol]                       0x1100081c   Section        0  uart.o(.text.Field_Wrt8)
    Field_Wrt8all                            0x11000829   Thumb Code     4  scu.o(.text.Field_Wrt8all)
    [Anonymous Symbol]                       0x11000828   Section        0  scu.o(.text.Field_Wrt8all)
    [Anonymous Symbol]                       0x1100082c   Section        0  isr.o(.text.HardFault_Handler)
    [Anonymous Symbol]                       0x11000830   Section        0  int.o(.text.INT_Init)
    [Anonymous Symbol]                       0x110008ac   Section        0  lin.o(.text.LIN_Init)
    [Anonymous Symbol]                       0x110008b0   Section        0  isr.o(.text.MemManage_Handler)
    PLL_resetPllLockDetection                0x110008b5   Thumb Code    22  scu.o(.text.PLL_resetPllLockDetection)
    [Anonymous Symbol]                       0x110008b4   Section        0  scu.o(.text.PLL_resetPllLockDetection)
    PLL_setK1divToOne                        0x110008cd   Thumb Code    50  scu.o(.text.PLL_setK1divToOne)
    [Anonymous Symbol]                       0x110008cc   Section        0  scu.o(.text.PLL_setK1divToOne)
    PLL_setNdivFromConfigWizard              0x11000901   Thumb Code    30  scu.o(.text.PLL_setNdivFromConfigWizard)
    [Anonymous Symbol]                       0x11000900   Section        0  scu.o(.text.PLL_setNdivFromConfigWizard)
    PLL_setNormalMode                        0x11000921   Thumb Code    22  scu.o(.text.PLL_setNormalMode)
    [Anonymous Symbol]                       0x11000920   Section        0  scu.o(.text.PLL_setNormalMode)
    PLL_setOscTrim                           0x11000939   Thumb Code    62  scu.o(.text.PLL_setOscTrim)
    [Anonymous Symbol]                       0x11000938   Section        0  scu.o(.text.PLL_setOscTrim)
    PLL_setPrescalerMode                     0x11000979   Thumb Code    22  scu.o(.text.PLL_setPrescalerMode)
    [Anonymous Symbol]                       0x11000978   Section        0  scu.o(.text.PLL_setPrescalerMode)
    PLL_setVcoselK2divFromConfigWizard       0x11000991   Thumb Code    24  scu.o(.text.PLL_setVcoselK2divFromConfigWizard)
    [Anonymous Symbol]                       0x11000990   Section        0  scu.o(.text.PLL_setVcoselK2divFromConfigWizard)
    PLL_setfSYStoLPCLK                       0x110009a9   Thumb Code    50  scu.o(.text.PLL_setfSYStoLPCLK)
    [Anonymous Symbol]                       0x110009a8   Section        0  scu.o(.text.PLL_setfSYStoLPCLK)
    PLL_setfSYStofPLL                        0x110009dd   Thumb Code    50  scu.o(.text.PLL_setfSYStofPLL)
    [Anonymous Symbol]                       0x110009dc   Section        0  scu.o(.text.PLL_setfSYStofPLL)
    PLL_waitForPllLock                       0x11000a11   Thumb Code    14  scu.o(.text.PLL_waitForPllLock)
    [Anonymous Symbol]                       0x11000a10   Section        0  scu.o(.text.PLL_waitForPllLock)
    [Anonymous Symbol]                       0x11000a20   Section        0  pmu.o(.text.PMU_Init)
    [Anonymous Symbol]                       0x11000a68   Section        0  port.o(.text.PORT_Init)
    PORT_P10_Output_High_Set                 0x11000add   Thumb Code    10  main.o(.text.PORT_P10_Output_High_Set)
    [Anonymous Symbol]                       0x11000adc   Section        0  main.o(.text.PORT_P10_Output_High_Set)
    PORT_P10_Output_Low_Set                  0x11000ae9   Thumb Code    10  main.o(.text.PORT_P10_Output_Low_Set)
    [Anonymous Symbol]                       0x11000ae8   Section        0  main.o(.text.PORT_P10_Output_Low_Set)
    [Anonymous Symbol]                       0x11000af4   Section        0  scu.o(.text.SCU_ClkInit)
    SCU_ClosePASSWD                          0x11000bb1   Thumb Code    18  scu.o(.text.SCU_ClosePASSWD)
    [Anonymous Symbol]                       0x11000bb0   Section        0  scu.o(.text.SCU_ClosePASSWD)
    [Anonymous Symbol]                       0x11000bc4   Section        0  scu.o(.text.SCU_Init)
    SCU_OpenPASSWD                           0x11000c05   Thumb Code    18  scu.o(.text.SCU_OpenPASSWD)
    [Anonymous Symbol]                       0x11000c04   Section        0  scu.o(.text.SCU_OpenPASSWD)
    SCU_toggleAPCLK_SET                      0x11000c19   Thumb Code    82  scu.o(.text.SCU_toggleAPCLK_SET)
    [Anonymous Symbol]                       0x11000c18   Section        0  scu.o(.text.SCU_toggleAPCLK_SET)
    [Anonymous Symbol]                       0x11000c6c   Section        0  ssc.o(.text.SSC1_Init)
    SSC1_SendWord                            0x11000c91   Thumb Code    28  main.o(.text.SSC1_SendWord)
    [Anonymous Symbol]                       0x11000c90   Section        0  main.o(.text.SSC1_SendWord)
    [Anonymous Symbol]                       0x11000cac   Section        0  ssc.o(.text.SSC2_Init)
    [Anonymous Symbol]                       0x11000ccc   Section        0  isr.o(.text.SysTick_Handler)
    [Anonymous Symbol]                       0x11000cd4   Section        0  wdt1.o(.text.SysTick_Init)
    [Anonymous Symbol]                       0x11000d00   Section        0  system_tle987x.o(.text.SystemInit)
    [Anonymous Symbol]                       0x11000d34   Section        0  tle_device.o(.text.TLE_Init)
    [Anonymous Symbol]                       0x11000d5c   Section        0  uart.o(.text.UART1_Init)
    UART2_Buffer_Set                         0x11000d61   Thumb Code    22  uart.o(.text.UART2_Buffer_Set)
    [Anonymous Symbol]                       0x11000d60   Section        0  uart.o(.text.UART2_Buffer_Set)
    [Anonymous Symbol]                       0x11000d78   Section        0  uart.o(.text.UART2_Init)
    UART2_Send_Byte                          0x11000da9   Thumb Code    16  uart.o(.text.UART2_Send_Byte)
    [Anonymous Symbol]                       0x11000da8   Section        0  uart.o(.text.UART2_Send_Byte)
    UART2_TX_Int_Clr                         0x11000db9   Thumb Code    22  uart.o(.text.UART2_TX_Int_Clr)
    [Anonymous Symbol]                       0x11000db8   Section        0  uart.o(.text.UART2_TX_Int_Clr)
    UART2_TX_Sts                             0x11000dd1   Thumb Code    12  uart.o(.text.UART2_TX_Sts)
    [Anonymous Symbol]                       0x11000dd0   Section        0  uart.o(.text.UART2_TX_Sts)
    UART2_isByteTransmitted                  0x11000ddd   Thumb Code    16  uart.o(.text.UART2_isByteTransmitted)
    [Anonymous Symbol]                       0x11000ddc   Section        0  uart.o(.text.UART2_isByteTransmitted)
    [Anonymous Symbol]                       0x11000dec   Section        0  isr.o(.text.UsageFault_Handler)
    [Anonymous Symbol]                       0x11000df0   Section        0  wdt1.o(.text.WDT1_Init)
    [Anonymous Symbol]                       0x11000e14   Section        0  wdt1.o(.text.WDT1_SOW_Service)
    [Anonymous Symbol]                       0x11000e30   Section        0  wdt1.o(.text.WDT1_Service)
    WDT1_Window_Count                        0x11000e69   Thumb Code    16  isr.o(.text.WDT1_Window_Count)
    [Anonymous Symbol]                       0x11000e68   Section        0  isr.o(.text.WDT1_Window_Count)
    [Anonymous Symbol]                       0x11000e78   Section        0  main.o(.text.calculateAngle)
    [Anonymous Symbol]                       0x11000eec   Section        0  main.o(.text.configSensor)
    [Anonymous Symbol]                       0x11000f6c   Section        0  retarget_io.o(.text.fputc)
    [Anonymous Symbol]                       0x11000f88   Section        0  main.o(.text.main)
    [Anonymous Symbol]                       0x11000fa4   Section        0  main.o(.text.readSensorAngle)
    [Anonymous Symbol]                       0x11000fcc   Section        0  uart.o(.text.stdout_putchar)
    [Anonymous Symbol]                       0x11001008   Section        0  main.o(.text.turnDirectionDetection)
    u16_Field_Rd16                           0x110010ad   Thumb Code    12  main.o(.text.u16_Field_Rd16)
    [Anonymous Symbol]                       0x110010ac   Section        0  main.o(.text.u16_Field_Rd16)
    u1_Field_Rd8                             0x110010b9   Thumb Code    16  scu.o(.text.u1_Field_Rd8)
    [Anonymous Symbol]                       0x110010b8   Section        0  scu.o(.text.u1_Field_Rd8)
    u1_Field_Rd8                             0x110010c9   Thumb Code    22  uart.o(.text.u1_Field_Rd8)
    [Anonymous Symbol]                       0x110010c8   Section        0  uart.o(.text.u1_Field_Rd8)
    i.__0printf                              0x110010e0   Section        0  printfa.o(i.__0printf)
    i.__scatterload_copy                     0x11001100   Section       14  handlers.o(i.__scatterload_copy)
    i.__scatterload_null                     0x1100110e   Section        2  handlers.o(i.__scatterload_null)
    i.__scatterload_zeroinit                 0x11001110   Section       14  handlers.o(i.__scatterload_zeroinit)
    _fp_digits                               0x11001121   Thumb Code   366  printfa.o(i._fp_digits)
    i._fp_digits                             0x11001120   Section        0  printfa.o(i._fp_digits)
    _printf_core                             0x110012a5   Thumb Code  1744  printfa.o(i._printf_core)
    i._printf_core                           0x110012a4   Section        0  printfa.o(i._printf_core)
    _printf_post_padding                     0x11001981   Thumb Code    36  printfa.o(i._printf_post_padding)
    i._printf_post_padding                   0x11001980   Section        0  printfa.o(i._printf_post_padding)
    _printf_pre_padding                      0x110019a5   Thumb Code    46  printfa.o(i._printf_pre_padding)
    i._printf_pre_padding                    0x110019a4   Section        0  printfa.o(i._printf_pre_padding)
    i.puts                                   0x110019d4   Section        0  puts.o(i.puts)
    __tagsym$$used.0                         0x1101effc   Number         0  system_tle987x.o(.ARM.__at_0x1101EFFC)
    .data                                    0x18000018   Section        4  stdout.o(.data)
    bSOWactive                               0x18000036   Data           1  wdt1.o(.bss.bSOWactive)
    [Anonymous Symbol]                       0x18000036   Section        0  wdt1.o(.bss.bSOWactive)
    uart2.0                                  0x18000038   Data           1  uart.o(.bss.uart2.0)
    [Anonymous Symbol]                       0x18000038   Section        0  uart.o(.bss.uart2.0)
    STACK                                    0x18000040   Section      512  startup_tle987x.o(STACK)

    Global Symbols

    Symbol Name                              Value     Ov Type        Size  Object(Section)

    BuildAttributes$$THM_ISAv4$P$D$K$B$S$PE$A:L22UL41UL21$X:L11$S22US41US21$IEEE1$IW$~IW$USESV6$~STKCKD$USESV7$~SHL$OTIME$ROPI$EBA8$MICROLIB$REQ8$PRES8$EABIv2 0x00000000   Number         0  anon$$obj.o ABSOLUTE
    _printf_a                                0x00000000   Number         0  printfstubs.o ABSOLUTE
    _printf_c                                0x00000000   Number         0  printfstubs.o ABSOLUTE
    _printf_charcount                        0x00000000   Number         0  printfstubs.o ABSOLUTE
    _printf_d                                0x00000000   Number         0  printfstubs.o ABSOLUTE
    _printf_e                                0x00000000   Number         0  printfstubs.o ABSOLUTE
    _printf_f                                0x00000000   Number         0  printfstubs.o ABSOLUTE
    _printf_flags                            0x00000000   Number         0  printfstubs.o ABSOLUTE
    _printf_fp_dec                           0x00000000   Number         0  printfstubs.o ABSOLUTE
    _printf_fp_hex                           0x00000000   Number         0  printfstubs.o ABSOLUTE
    _printf_g                                0x00000000   Number         0  printfstubs.o ABSOLUTE
    _printf_i                                0x00000000   Number         0  printfstubs.o ABSOLUTE
    _printf_int_dec                          0x00000000   Number         0  printfstubs.o ABSOLUTE
    _printf_l                                0x00000000   Number         0  printfstubs.o ABSOLUTE
    _printf_lc                               0x00000000   Number         0  printfstubs.o ABSOLUTE
    _printf_ll                               0x00000000   Number         0  printfstubs.o ABSOLUTE
    _printf_lld                              0x00000000   Number         0  printfstubs.o ABSOLUTE
    _printf_lli                              0x00000000   Number         0  printfstubs.o ABSOLUTE
    _printf_llo                              0x00000000   Number         0  printfstubs.o ABSOLUTE
    _printf_llu                              0x00000000   Number         0  printfstubs.o ABSOLUTE
    _printf_llx                              0x00000000   Number         0  printfstubs.o ABSOLUTE
    _printf_longlong_dec                     0x00000000   Number         0  printfstubs.o ABSOLUTE
    _printf_longlong_hex                     0x00000000   Number         0  printfstubs.o ABSOLUTE
    _printf_longlong_oct                     0x00000000   Number         0  printfstubs.o ABSOLUTE
    _printf_ls                               0x00000000   Number         0  printfstubs.o ABSOLUTE
    _printf_mbtowc                           0x00000000   Number         0  printfstubs.o ABSOLUTE
    _printf_n                                0x00000000   Number         0  printfstubs.o ABSOLUTE
    _printf_o                                0x00000000   Number         0  printfstubs.o ABSOLUTE
    _printf_p                                0x00000000   Number         0  printfstubs.o ABSOLUTE
    _printf_percent                          0x00000000   Number         0  printfstubs.o ABSOLUTE
    _printf_pre_padding                      0x00000000   Number         0  printfstubs.o ABSOLUTE
    _printf_return_value                     0x00000000   Number         0  printfstubs.o ABSOLUTE
    _printf_s                                0x00000000   Number         0  printfstubs.o ABSOLUTE
    _printf_sizespec                         0x00000000   Number         0  printfstubs.o ABSOLUTE
    _printf_str                              0x00000000   Number         0  printfstubs.o ABSOLUTE
    _printf_truncate_signed                  0x00000000   Number         0  printfstubs.o ABSOLUTE
    _printf_truncate_unsigned                0x00000000   Number         0  printfstubs.o ABSOLUTE
    _printf_u                                0x00000000   Number         0  printfstubs.o ABSOLUTE
    _printf_wc                               0x00000000   Number         0  printfstubs.o ABSOLUTE
    _printf_wctomb                           0x00000000   Number         0  printfstubs.o ABSOLUTE
    _printf_widthprec                        0x00000000   Number         0  printfstubs.o ABSOLUTE
    _printf_x                                0x00000000   Number         0  printfstubs.o ABSOLUTE
    __cpp_initialize__aeabi_                  - Undefined Weak Reference
    __cxa_finalize                            - Undefined Weak Reference
    __decompress                              - Undefined Weak Reference
    _clock_init                               - Undefined Weak Reference
    _microlib_exit                            - Undefined Weak Reference
    __Vectors_Size                           0x00000080   Number         0  startup_tle987x.o ABSOLUTE
    __Vectors                                0x11000000   Data           4  startup_tle987x.o(RESET)
    __Vectors_End                            0x11000080   Data           0  startup_tle987x.o(RESET)
    __main                                   0x11000081   Thumb Code     0  entry.o(.ARM.Collect$$$$00000000)
    _main_stk                                0x11000081   Thumb Code     0  entry2.o(.ARM.Collect$$$$00000001)
    _main_scatterload                        0x11000085   Thumb Code     0  entry5.o(.ARM.Collect$$$$00000004)
    __main_after_scatterload                 0x11000089   Thumb Code     0  entry5.o(.ARM.Collect$$$$00000004)
    _main_clock                              0x11000089   Thumb Code     0  entry7b.o(.ARM.Collect$$$$00000008)
    _main_cpp_init                           0x11000089   Thumb Code     0  entry8b.o(.ARM.Collect$$$$0000000A)
    _main_init                               0x11000089   Thumb Code     0  entry9a.o(.ARM.Collect$$$$0000000B)
    __rt_final_cpp                           0x11000091   Thumb Code     0  entry10a.o(.ARM.Collect$$$$0000000D)
    __rt_final_exit                          0x11000091   Thumb Code     0  entry11a.o(.ARM.Collect$$$$0000000F)
    Reset_Handler                            0x11000095   Thumb Code     8  startup_tle987x.o(.text)
    SVC_Handler_main                         0x1100009d   Thumb Code     2  startup_tle987x.o(.text)
    NMI_Handler                              0x1100009f   Thumb Code     2  startup_tle987x.o(.text)
    DebugMon_Handler                         0x110000c1   Thumb Code     2  startup_tle987x.o(.text)
    PendSV_Handler                           0x110000c3   Thumb Code     2  startup_tle987x.o(.text)
    ADC1_IRQHandler                          0x110000c7   Thumb Code     0  startup_tle987x.o(.text)
    ADC2_IRQHandler                          0x110000c7   Thumb Code     0  startup_tle987x.o(.text)
    BDRV_IRQHandler                          0x110000c7   Thumb Code     0  startup_tle987x.o(.text)
    CCU6SR0_IRQHandler                       0x110000c7   Thumb Code     0  startup_tle987x.o(.text)
    CCU6SR1_IRQHandler                       0x110000c7   Thumb Code     0  startup_tle987x.o(.text)
    CCU6SR2_IRQHandler                       0x110000c7   Thumb Code     0  startup_tle987x.o(.text)
    CCU6SR3_IRQHandler                       0x110000c7   Thumb Code     0  startup_tle987x.o(.text)
    DMA_IRQHandler                           0x110000c7   Thumb Code     0  startup_tle987x.o(.text)
    EXINT0_IRQHandler                        0x110000c7   Thumb Code     0  startup_tle987x.o(.text)
    EXINT1_IRQHandler                        0x110000c7   Thumb Code     0  startup_tle987x.o(.text)
    GPT1_IRQHandler                          0x110000c7   Thumb Code     0  startup_tle987x.o(.text)
    GPT2_IRQHandler                          0x110000c7   Thumb Code     0  startup_tle987x.o(.text)
    SSC1_IRQHandler                          0x110000c7   Thumb Code     0  startup_tle987x.o(.text)
    SSC2_IRQHandler                          0x110000c7   Thumb Code     0  startup_tle987x.o(.text)
    UART1_IRQHandler                         0x110000c7   Thumb Code     0  startup_tle987x.o(.text)
    UART2_IRQHandler                         0x110000c7   Thumb Code     0  startup_tle987x.o(.text)
    __aeabi_fmul                             0x110000d5   Thumb Code   100  fmul.o(.text)
    __aeabi_fdiv                             0x11000139   Thumb Code   124  fdiv.o(.text)
    __aeabi_fcmple                           0x110001b5   Thumb Code    28  fcmple.o(.text)
    __aeabi_fcmpge                           0x110001d1   Thumb Code    28  fcmpge.o(.text)
    __aeabi_i2f                              0x110001ed   Thumb Code    18  fflti.o(.text)
    __aeabi_f2d                              0x110001ff   Thumb Code    38  f2d.o(.text)
    __aeabi_uidiv                            0x11000225   Thumb Code     0  uidiv.o(.text)
    __aeabi_uidivmod                         0x11000225   Thumb Code    44  uidiv.o(.text)
    __aeabi_uldivmod                         0x11000251   Thumb Code    98  uldiv.o(.text)
    __I$use$fp                               0x110002b3   Thumb Code     0  iusefp.o(.text)
    _float_round                             0x110002b3   Thumb Code    18  fepilogue.o(.text)
    _float_epilogue                          0x110002c5   Thumb Code    92  fepilogue.o(.text)
    __aeabi_dadd                             0x11000321   Thumb Code   322  dadd.o(.text)
    __aeabi_dsub                             0x11000463   Thumb Code     6  dadd.o(.text)
    __aeabi_drsub                            0x11000469   Thumb Code     6  dadd.o(.text)
    __aeabi_dmul                             0x1100046f   Thumb Code   228  dmul.o(.text)
    __aeabi_ddiv                             0x11000553   Thumb Code   222  ddiv.o(.text)
    __aeabi_d2ulz                            0x11000631   Thumb Code    48  dfixul.o(.text)
    __aeabi_cdrcmple                         0x11000661   Thumb Code    48  cdrcmple.o(.text)
    __scatterload                            0x11000691   Thumb Code    28  init.o(.text)
    __scatterload_rt2                        0x11000691   Thumb Code     0  init.o(.text)
    __aeabi_llsl                             0x110006b5   Thumb Code    30  llshl.o(.text)
    _ll_shift_l                              0x110006b5   Thumb Code     0  llshl.o(.text)
    __aeabi_llsr                             0x110006d3   Thumb Code    32  llushr.o(.text)
    _ll_ushift_r                             0x110006d3   Thumb Code     0  llushr.o(.text)
    __aeabi_lasr                             0x110006f3   Thumb Code    36  llsshr.o(.text)
    _ll_sshift_r                             0x110006f3   Thumb Code     0  llsshr.o(.text)
    _double_round                            0x11000717   Thumb Code    30  depilogue.o(.text)
    _double_epilogue                         0x11000735   Thumb Code   156  depilogue.o(.text)
    BusFault_Handler                         0x110007d1   Thumb Code     2  isr.o(.text.BusFault_Handler)
    HardFault_Handler                        0x1100082d   Thumb Code     2  isr.o(.text.HardFault_Handler)
    INT_Init                                 0x11000831   Thumb Code   124  int.o(.text.INT_Init)
    LIN_Init                                 0x110008ad   Thumb Code     2  lin.o(.text.LIN_Init)
    MemManage_Handler                        0x110008b1   Thumb Code     2  isr.o(.text.MemManage_Handler)
    PMU_Init                                 0x11000a21   Thumb Code    72  pmu.o(.text.PMU_Init)
    PORT_Init                                0x11000a69   Thumb Code   116  port.o(.text.PORT_Init)
    SCU_ClkInit                              0x11000af5   Thumb Code   186  scu.o(.text.SCU_ClkInit)
    SCU_Init                                 0x11000bc5   Thumb Code    64  scu.o(.text.SCU_Init)
    SSC1_Init                                0x11000c6d   Thumb Code    34  ssc.o(.text.SSC1_Init)
    SSC2_Init                                0x11000cad   Thumb Code    32  ssc.o(.text.SSC2_Init)
    SysTick_Handler                          0x11000ccd   Thumb Code     8  isr.o(.text.SysTick_Handler)
    SysTick_Init                             0x11000cd5   Thumb Code    44  wdt1.o(.text.SysTick_Init)
    SystemInit                               0x11000d01   Thumb Code    52  system_tle987x.o(.text.SystemInit)
    TLE_Init                                 0x11000d35   Thumb Code    40  tle_device.o(.text.TLE_Init)
    UART1_Init                               0x11000d5d   Thumb Code     2  uart.o(.text.UART1_Init)
    UART2_Init                               0x11000d79   Thumb Code    48  uart.o(.text.UART2_Init)
    UsageFault_Handler                       0x11000ded   Thumb Code     2  isr.o(.text.UsageFault_Handler)
    WDT1_Init                                0x11000df1   Thumb Code    36  wdt1.o(.text.WDT1_Init)
    WDT1_SOW_Service                         0x11000e15   Thumb Code    28  wdt1.o(.text.WDT1_SOW_Service)
    WDT1_Service                             0x11000e31   Thumb Code    56  wdt1.o(.text.WDT1_Service)
    calculateAngle                           0x11000e79   Thumb Code   116  main.o(.text.calculateAngle)
    configSensor                             0x11000eed   Thumb Code   126  main.o(.text.configSensor)
    fputc                                    0x11000f6d   Thumb Code    26  retarget_io.o(.text.fputc)
    main                                     0x11000f89   Thumb Code    26  main.o(.text.main)
    readSensorAngle                          0x11000fa5   Thumb Code    38  main.o(.text.readSensorAngle)
    stdout_putchar                           0x11000fcd   Thumb Code    60  uart.o(.text.stdout_putchar)
    turnDirectionDetection                   0x11001009   Thumb Code    72  main.o(.text.turnDirectionDetection)
    __0printf                                0x110010e1   Thumb Code    22  printfa.o(i.__0printf)
    __1printf                                0x110010e1   Thumb Code     0  printfa.o(i.__0printf)
    __2printf                                0x110010e1   Thumb Code     0  printfa.o(i.__0printf)
    __c89printf                              0x110010e1   Thumb Code     0  printfa.o(i.__0printf)
    printf                                   0x110010e1   Thumb Code     0  printfa.o(i.__0printf)
    __scatterload_copy                       0x11001101   Thumb Code    14  handlers.o(i.__scatterload_copy)
    __scatterload_null                       0x1100110f   Thumb Code     2  handlers.o(i.__scatterload_null)
    __scatterload_zeroinit                   0x11001111   Thumb Code    14  handlers.o(i.__scatterload_zeroinit)
    puts                                     0x110019d5   Thumb Code    30  puts.o(i.puts)
    USER_CFLASH_WR_PROT_EN                   0x110019f8   Data           4  bootrom.o(.rodata.USER_CFLASH_WR_PROT_EN)
    Region$$Table$$Base                      0x110019fc   Number         0  anon$$obj.o(Region$$Table)
    Region$$Table$$Limit                     0x11001a1c   Number         0  anon$$obj.o(Region$$Table)
    p_NACNAD                                 0x1101effc   Data           4  system_tle987x.o(.ARM.__at_0x1101EFFC)
    __stdout                                 0x18000018   Data           4  stdout.o(.data)
    max_15_bit_value                         0x1800001c   Data           4  main.o(.data.max_15_bit_value)
    max_angle                                0x18000020   Data           4  main.o(.data.max_angle)
    WD_Counter                               0x18000028   Data           4  wdt1.o(.bss.WD_Counter)
    angVal_cpy                               0x1800002c   Data           2  main.o(.bss.angVal_cpy)
    ang_deg                                  0x18000030   Data           4  main.o(.bss.ang_deg)
    angval                                   0x18000034   Data           2  main.o(.bss.angval)
    value                                    0x1800003c   Data           4  main.o(.bss.value)
    __initial_sp                             0x18000240   Data           0  startup_tle987x.o(STACK)



==============================================================================

Memory Map of the image

  Image Entry point : 0x11000081

  Load Region LR_IROM1 (Base: 0x11000000, Size: 0x00001a30, Max: 0x0001effc, ABSOLUTE)

    Execution Region ER_IROM1 (Exec base: 0x11000000, Load base: 0x11000000, Size: 0x00001a1c, Max: 0x0001effc, ABSOLUTE)

    Exec Addr    Load Addr    Size         Type   Attr      Idx    E Section Name        Object

    0x11000000   0x11000000   0x00000080   Data   RO          250    RESET               startup_tle987x.o
    0x11000080   0x11000080   0x00000000   Code   RO          365  * .ARM.Collect$$$$00000000  mc_w.l(entry.o)
    0x11000080   0x11000080   0x00000004   Code   RO          656    .ARM.Collect$$$$00000001  mc_w.l(entry2.o)
    0x11000084   0x11000084   0x00000004   Code   RO          659    .ARM.Collect$$$$00000004  mc_w.l(entry5.o)
    0x11000088   0x11000088   0x00000000   Code   RO          661    .ARM.Collect$$$$00000008  mc_w.l(entry7b.o)
    0x11000088   0x11000088   0x00000000   Code   RO          663    .ARM.Collect$$$$0000000A  mc_w.l(entry8b.o)
    0x11000088   0x11000088   0x00000008   Code   RO          664    .ARM.Collect$$$$0000000B  mc_w.l(entry9a.o)
    0x11000090   0x11000090   0x00000000   Code   RO          666    .ARM.Collect$$$$0000000D  mc_w.l(entry10a.o)
    0x11000090   0x11000090   0x00000000   Code   RO          668    .ARM.Collect$$$$0000000F  mc_w.l(entry11a.o)
    0x11000090   0x11000090   0x00000004   Code   RO          657    .ARM.Collect$$$$00002712  mc_w.l(entry2.o)
    0x11000094   0x11000094   0x00000040   Code   RO          251    .text               startup_tle987x.o
    0x110000d4   0x110000d4   0x00000064   Code   RO          644    .text               mf_w.l(fmul.o)
    0x11000138   0x11000138   0x0000007c   Code   RO          646    .text               mf_w.l(fdiv.o)
    0x110001b4   0x110001b4   0x0000001c   Code   RO          648    .text               mf_w.l(fcmple.o)
    0x110001d0   0x110001d0   0x0000001c   Code   RO          650    .text               mf_w.l(fcmpge.o)
    0x110001ec   0x110001ec   0x00000012   Code   RO          652    .text               mf_w.l(fflti.o)
    0x110001fe   0x110001fe   0x00000026   Code   RO          654    .text               mf_w.l(f2d.o)
    0x11000224   0x11000224   0x0000002c   Code   RO          679    .text               mc_w.l(uidiv.o)
    0x11000250   0x11000250   0x00000062   Code   RO          681    .text               mc_w.l(uldiv.o)
    0x110002b2   0x110002b2   0x00000000   Code   RO          683    .text               mc_w.l(iusefp.o)
    0x110002b2   0x110002b2   0x0000006e   Code   RO          684    .text               mf_w.l(fepilogue.o)
    0x11000320   0x11000320   0x0000014e   Code   RO          686    .text               mf_w.l(dadd.o)
    0x1100046e   0x1100046e   0x000000e4   Code   RO          688    .text               mf_w.l(dmul.o)
    0x11000552   0x11000552   0x000000de   Code   RO          690    .text               mf_w.l(ddiv.o)
    0x11000630   0x11000630   0x00000030   Code   RO          692    .text               mf_w.l(dfixul.o)
    0x11000660   0x11000660   0x00000030   Code   RO          694    .text               mf_w.l(cdrcmple.o)
    0x11000690   0x11000690   0x00000024   Code   RO          696    .text               mc_w.l(init.o)
    0x110006b4   0x110006b4   0x0000001e   Code   RO          698    .text               mc_w.l(llshl.o)
    0x110006d2   0x110006d2   0x00000020   Code   RO          700    .text               mc_w.l(llushr.o)
    0x110006f2   0x110006f2   0x00000024   Code   RO          702    .text               mc_w.l(llsshr.o)
    0x11000716   0x11000716   0x000000ba   Code   RO          704    .text               mf_w.l(depilogue.o)
    0x110007d0   0x110007d0   0x00000002   Code   RO          110    .text.BusFault_Handler  isr.o
    0x110007d2   0x110007d2   0x00000002   PAD
    0x110007d4   0x110007d4   0x00000004   Code   RO          181    .text.CMSIS_Irq_Dis  scu.o
    0x110007d8   0x110007d8   0x00000004   Code   RO          213    .text.CMSIS_Irq_En  scu.o
    0x110007dc   0x110007dc   0x00000004   Code   RO          227    .text.CMSIS_NOP     scu.o
    0x110007e0   0x110007e0   0x00000018   Code   RO           18    .text.Field_Mod8    main.o
    0x110007f8   0x110007f8   0x00000016   Code   RO          183    .text.Field_Mod8    scu.o
    0x1100080e   0x1100080e   0x00000002   PAD
    0x11000810   0x11000810   0x0000000c   Code   RO           20    .text.Field_Wrt16   main.o
    0x1100081c   0x1100081c   0x0000000a   Code   RO          317    .text.Field_Wrt8    uart.o
    0x11000826   0x11000826   0x00000002   PAD
    0x11000828   0x11000828   0x00000004   Code   RO          205    .text.Field_Wrt8all  scu.o
    0x1100082c   0x1100082c   0x00000002   Code   RO          106    .text.HardFault_Handler  isr.o
    0x1100082e   0x1100082e   0x00000002   PAD
    0x11000830   0x11000830   0x0000007c   Code   RO           98    .text.INT_Init      int.o
    0x110008ac   0x110008ac   0x00000002   Code   RO          125    .text.LIN_Init      lin.o
    0x110008ae   0x110008ae   0x00000002   PAD
    0x110008b0   0x110008b0   0x00000002   Code   RO          108    .text.MemManage_Handler  isr.o
    0x110008b2   0x110008b2   0x00000002   PAD
    0x110008b4   0x110008b4   0x00000016   Code   RO          197    .text.PLL_resetPllLockDetection  scu.o
    0x110008ca   0x110008ca   0x00000002   PAD
    0x110008cc   0x110008cc   0x00000032   Code   RO          187    .text.PLL_setK1divToOne  scu.o
    0x110008fe   0x110008fe   0x00000002   PAD
    0x11000900   0x11000900   0x0000001e   Code   RO          193    .text.PLL_setNdivFromConfigWizard  scu.o
    0x1100091e   0x1100091e   0x00000002   PAD
    0x11000920   0x11000920   0x00000016   Code   RO          201    .text.PLL_setNormalMode  scu.o
    0x11000936   0x11000936   0x00000002   PAD
    0x11000938   0x11000938   0x0000003e   Code   RO          191    .text.PLL_setOscTrim  scu.o
    0x11000976   0x11000976   0x00000002   PAD
    0x11000978   0x11000978   0x00000016   Code   RO          189    .text.PLL_setPrescalerMode  scu.o
    0x1100098e   0x1100098e   0x00000002   PAD
    0x11000990   0x11000990   0x00000018   Code   RO          195    .text.PLL_setVcoselK2divFromConfigWizard  scu.o
    0x110009a8   0x110009a8   0x00000032   Code   RO          185    .text.PLL_setfSYStoLPCLK  scu.o
    0x110009da   0x110009da   0x00000002   PAD
    0x110009dc   0x110009dc   0x00000032   Code   RO          203    .text.PLL_setfSYStofPLL  scu.o
    0x11000a0e   0x11000a0e   0x00000002   PAD
    0x11000a10   0x11000a10   0x0000000e   Code   RO          199    .text.PLL_waitForPllLock  scu.o
    0x11000a1e   0x11000a1e   0x00000002   PAD
    0x11000a20   0x11000a20   0x00000048   Code   RO          133    .text.PMU_Init      pmu.o
    0x11000a68   0x11000a68   0x00000074   Code   RO          149    .text.PORT_Init     port.o
    0x11000adc   0x11000adc   0x0000000a   Code   RO           16    .text.PORT_P10_Output_High_Set  main.o
    0x11000ae6   0x11000ae6   0x00000002   PAD
    0x11000ae8   0x11000ae8   0x0000000a   Code   RO           12    .text.PORT_P10_Output_Low_Set  main.o
    0x11000af2   0x11000af2   0x00000002   PAD
    0x11000af4   0x11000af4   0x000000ba   Code   RO          179    .text.SCU_ClkInit   scu.o
    0x11000bae   0x11000bae   0x00000002   PAD
    0x11000bb0   0x11000bb0   0x00000012   Code   RO          211    .text.SCU_ClosePASSWD  scu.o
    0x11000bc2   0x11000bc2   0x00000002   PAD
    0x11000bc4   0x11000bc4   0x00000040   Code   RO          215    .text.SCU_Init      scu.o
    0x11000c04   0x11000c04   0x00000012   Code   RO          209    .text.SCU_OpenPASSWD  scu.o
    0x11000c16   0x11000c16   0x00000002   PAD
    0x11000c18   0x11000c18   0x00000052   Code   RO          207    .text.SCU_toggleAPCLK_SET  scu.o
    0x11000c6a   0x11000c6a   0x00000002   PAD
    0x11000c6c   0x11000c6c   0x00000022   Code   RO          238    .text.SSC1_Init     ssc.o
    0x11000c8e   0x11000c8e   0x00000002   PAD
    0x11000c90   0x11000c90   0x0000001c   Code   RO           14    .text.SSC1_SendWord  main.o
    0x11000cac   0x11000cac   0x00000020   Code   RO          240    .text.SSC2_Init     ssc.o
    0x11000ccc   0x11000ccc   0x00000008   Code   RO          114    .text.SysTick_Handler  isr.o
    0x11000cd4   0x11000cd4   0x0000002c   Code   RO          342    .text.SysTick_Init  wdt1.o
    0x11000d00   0x11000d00   0x00000034   Code   RO          258    .text.SystemInit    system_tle987x.o
    0x11000d34   0x11000d34   0x00000028   Code   RO          267    .text.TLE_Init      tle_device.o
    0x11000d5c   0x11000d5c   0x00000002   Code   RO          275    .text.UART1_Init    uart.o
    0x11000d5e   0x11000d5e   0x00000002   PAD
    0x11000d60   0x11000d60   0x00000016   Code   RO          315    .text.UART2_Buffer_Set  uart.o
    0x11000d76   0x11000d76   0x00000002   PAD
    0x11000d78   0x11000d78   0x00000030   Code   RO          285    .text.UART2_Init    uart.o
    0x11000da8   0x11000da8   0x00000010   Code   RO          297    .text.UART2_Send_Byte  uart.o
    0x11000db8   0x11000db8   0x00000016   Code   RO          313    .text.UART2_TX_Int_Clr  uart.o
    0x11000dce   0x11000dce   0x00000002   PAD
    0x11000dd0   0x11000dd0   0x0000000c   Code   RO          319    .text.UART2_TX_Sts  uart.o
    0x11000ddc   0x11000ddc   0x00000010   Code   RO          299    .text.UART2_isByteTransmitted  uart.o
    0x11000dec   0x11000dec   0x00000002   Code   RO          112    .text.UsageFault_Handler  isr.o
    0x11000dee   0x11000dee   0x00000002   PAD
    0x11000df0   0x11000df0   0x00000024   Code   RO          340    .text.WDT1_Init     wdt1.o
    0x11000e14   0x11000e14   0x0000001c   Code   RO          348    .text.WDT1_SOW_Service  wdt1.o
    0x11000e30   0x11000e30   0x00000038   Code   RO          346    .text.WDT1_Service  wdt1.o
    0x11000e68   0x11000e68   0x00000010   Code   RO          116    .text.WDT1_Window_Count  isr.o
    0x11000e78   0x11000e78   0x00000074   Code   RO            8    .text.calculateAngle  main.o
    0x11000eec   0x11000eec   0x0000007e   Code   RO            4    .text.configSensor  main.o
    0x11000f6a   0x11000f6a   0x00000002   PAD
    0x11000f6c   0x11000f6c   0x0000001a   Code   RO           39    .text.fputc         retarget_io.o
    0x11000f86   0x11000f86   0x00000002   PAD
    0x11000f88   0x11000f88   0x0000001a   Code   RO            2    .text.main          main.o
    0x11000fa2   0x11000fa2   0x00000002   PAD
    0x11000fa4   0x11000fa4   0x00000026   Code   RO            6    .text.readSensorAngle  main.o
    0x11000fca   0x11000fca   0x00000002   PAD
    0x11000fcc   0x11000fcc   0x0000003c   Code   RO          295    .text.stdout_putchar  uart.o
    0x11001008   0x11001008   0x000000a4   Code   RO           10    .text.turnDirectionDetection  main.o
    0x110010ac   0x110010ac   0x0000000c   Code   RO           22    .text.u16_Field_Rd16  main.o
    0x110010b8   0x110010b8   0x00000010   Code   RO          225    .text.u1_Field_Rd8  scu.o
    0x110010c8   0x110010c8   0x00000016   Code   RO          321    .text.u1_Field_Rd8  uart.o
    0x110010de   0x110010de   0x00000002   PAD
    0x110010e0   0x110010e0   0x00000020   Code   RO          616    i.__0printf         mc_w.l(printfa.o)
    0x11001100   0x11001100   0x0000000e   Code   RO          708    i.__scatterload_copy  mc_w.l(handlers.o)
    0x1100110e   0x1100110e   0x00000002   Code   RO          709    i.__scatterload_null  mc_w.l(handlers.o)
    0x11001110   0x11001110   0x0000000e   Code   RO          710    i.__scatterload_zeroinit  mc_w.l(handlers.o)
    0x1100111e   0x1100111e   0x00000002   PAD
    0x11001120   0x11001120   0x00000184   Code   RO          623    i._fp_digits        mc_w.l(printfa.o)
    0x110012a4   0x110012a4   0x000006dc   Code   RO          624    i._printf_core      mc_w.l(printfa.o)
    0x11001980   0x11001980   0x00000024   Code   RO          625    i._printf_post_padding  mc_w.l(printfa.o)
    0x110019a4   0x110019a4   0x0000002e   Code   RO          626    i._printf_pre_padding  mc_w.l(printfa.o)
    0x110019d2   0x110019d2   0x00000002   PAD
    0x110019d4   0x110019d4   0x00000024   Code   RO          370    i.puts              mc_w.l(puts.o)
    0x110019f8   0x110019f8   0x00000004   Data   RO           67    .rodata.USER_CFLASH_WR_PROT_EN  bootrom.o
    0x110019fc   0x110019fc   0x00000020   Data   RO          707    Region$$Table       anon$$obj.o


    Execution Region RW_IRAM2 (Exec base: 0x18000000, Load base: 0x11001a30, Size: 0x00000000, Max: 0x00000010, ABSOLUTE)

    **** No section assigned to this execution region ****


    Execution Region RW_IRAM1 (Exec base: 0x18000018, Load base: 0x11001a20, Size: 0x00000228, Max: 0x000017e8, ABSOLUTE)

    Exec Addr    Load Addr    Size         Type   Attr      Idx    E Section Name        Object

    0x18000018   0x11001a20   0x00000004   Data   RW          381    .data               mc_w.l(stdout.o)
    0x1800001c   0x11001a24   0x00000004   Data   RW           25    .data.max_15_bit_value  main.o
    0x18000020   0x11001a28   0x00000004   Data   RW           24    .data.max_angle     main.o
    0x18000024   0x11001a2c   0x00000004   PAD
    0x18000028        -       0x00000004   Zero   RW          356    .bss.WD_Counter     wdt1.o
    0x1800002c        -       0x00000002   Zero   RW           27    .bss.angVal_cpy     main.o
    0x1800002e   0x11001a2c   0x00000002   PAD
    0x18000030        -       0x00000004   Zero   RW           29    .bss.ang_deg        main.o
    0x18000034        -       0x00000002   Zero   RW           26    .bss.angval         main.o
    0x18000036        -       0x00000001   Zero   RW          357    .bss.bSOWactive     wdt1.o
    0x18000037   0x11001a2c   0x00000001   PAD
    0x18000038        -       0x00000001   Zero   RW          331    .bss.uart2.0        uart.o
    0x18000039   0x11001a2c   0x00000003   PAD
    0x1800003c        -       0x00000004   Zero   RW           28    .bss.value          main.o
    0x18000040        -       0x00000200   Zero   RW          248    STACK               startup_tle987x.o



  Load Region LR_IROM2 (Base: 0x1101effc, Size: 0x00000004, Max: 0x00001004, ABSOLUTE)

    Execution Region ER_IROM2 (Exec base: 0x1101effc, Load base: 0x1101effc, Size: 0x00000004, Max: 0x00001004, ABSOLUTE)

    Exec Addr    Load Addr    Size         Type   Attr      Idx    E Section Name        Object

    0x1101effc   0x1101effc   0x00000004   Data   RO          260    .ARM.__at_0x1101EFFC  system_tle987x.o


==============================================================================

Image component sizes


      Code (inc. data)   RO Data    RW Data    ZI Data      Debug   Object Name

         0          0          4          0          0       3304   bootrom.o
       124          0          0          0          0      28174   int.o
        32          0          0          0          0        908   isr.o
         2          0          0          0          0        412   lin.o
       566         92          0          8         12       6650   main.o
        72          0          0          0          0       7002   pmu.o
       116          0          0          0          0      20650   port.o
        26          0          0          0          0       2226   retarget_io.o
       768          0          0          0          0      26009   scu.o
        66          0          0          0          0       2390   ssc.o
        64         12        128          0        512        916   startup_tle987x.o
        52          0          4          0          0       8473   system_tle987x.o
        40          0          0          0          0        448   tle_device.o
       230          0          0          0          1      19415   uart.o
       164          0          0          0          5      16038   wdt1.o

    ----------------------------------------------------------------------
      2384        104        168          8        540     143015   Object Totals
         0          0         32          0          0          0   (incl. Generated)
        62          0          0          0         10          0   (incl. Padding)

    ----------------------------------------------------------------------

      Code (inc. data)   RO Data    RW Data    ZI Data      Debug   Library Member Name

         0          0          0          0          0          0   entry.o
         0          0          0          0          0          0   entry10a.o
         0          0          0          0          0          0   entry11a.o
         8          4          0          0          0          0   entry2.o
         4          0          0          0          0          0   entry5.o
         0          0          0          0          0          0   entry7b.o
         0          0          0          0          0          0   entry8b.o
         8          4          0          0          0          0   entry9a.o
        30          0          0          0          0          0   handlers.o
        36          8          0          0          0         68   init.o
         0          0          0          0          0          0   iusefp.o
        30          0          0          0          0         68   llshl.o
        36          0          0          0          0         68   llsshr.o
        32          0          0          0          0         68   llushr.o
      2258         90          0          0          0        452   printfa.o
        36          6          0          0          0         80   puts.o
         0          0          0          4          0          0   stdout.o
        44          0          0          0          0         80   uidiv.o
        98          0          0          0          0         92   uldiv.o
        48          0          0          0          0         68   cdrcmple.o
       334          0          0          0          0        148   dadd.o
       222          0          0          0          0        100   ddiv.o
       186          0          0          0          0        176   depilogue.o
        48          0          0          0          0         68   dfixul.o
       228          0          0          0          0         96   dmul.o
        38          0          0          0          0         68   f2d.o
        28          0          0          0          0         68   fcmpge.o
        28          0          0          0          0         68   fcmple.o
       124          0          0          0          0         88   fdiv.o
       110          0          0          0          0        168   fepilogue.o
        18          0          0          0          0         68   fflti.o
       100          0          0          0          0         76   fmul.o

    ----------------------------------------------------------------------
      4136        112          0          4          0       2236   Library Totals
         4          0          0          0          0          0   (incl. Padding)

    ----------------------------------------------------------------------

      Code (inc. data)   RO Data    RW Data    ZI Data      Debug   Library Name

      2620        112          0          4          0        976   mc_w.l
      1512          0          0          0          0       1260   mf_w.l

    ----------------------------------------------------------------------
      4136        112          0          4          0       2236   Library Totals

    ----------------------------------------------------------------------

==============================================================================


      Code (inc. data)   RO Data    RW Data    ZI Data      Debug   

      6520        216        168         12        540     144019   Grand Totals
      6520        216        168         12        540     144019   ELF Image Totals
      6520        216        168         12          0          0   ROM Totals

==============================================================================

    Total RO  Size (Code + RO Data)                 6688 (   6.53kB)
    Total RW  Size (RW Data + ZI Data)               552 (   0.54kB)
    Total ROM Size (Code + RO Data + RW Data)       6700 (   6.54kB)

==============================================================================

